[13-Aug-2026 10:45:59 America/Sao_Paulo] PHP Fatal error:  Uncaught mysqli_sql_exception: Table 'assistent_master.tb_cliente_comercial' doesn't exist in C:\xampp\htdocs\ativisoft_1_0\ativisoft_2_0\pages\md_fornecedor\cadastrar_cliente_comercial.php:148
Stack trace:
#0 C:\xampp\htdocs\ativisoft_1_0\ativisoft_2_0\pages\md_fornecedor\cadastrar_cliente_comercial.php(148): mysqli_query(Object(mysqli), '\n              ...')
#1 {main}
  thrown in C:\xampp\htdocs\ativisoft_1_0\ativisoft_2_0\pages\md_fornecedor\cadastrar_cliente_comercial.php on line 148
[13-Aug-2026 10:49:13 America/Sao_Paulo] PHP Warning:  Undefined array key "logo_empresa" in C:\xampp\htdocs\ativisoft_1_0\ativisoft_2_0\pages\md_fornecedor\cadastrar_cliente_comercial.php on line 34
[13-Aug-2026 10:49:13 America/Sao_Paulo] PHP Fatal error:  Uncaught mysqli_sql_exception: Unknown column 'dtcadastro_empresa' in 'field list' in C:\xampp\htdocs\ativisoft_1_0\ativisoft_2_0\pages\md_fornecedor\cadastrar_cliente_comercial.php:171
Stack trace:
#0 C:\xampp\htdocs\ativisoft_1_0\ativisoft_2_0\pages\md_fornecedor\cadastrar_cliente_comercial.php(171): mysqli_query(Object(mysqli), '\n              ...')
#1 {main}
  thrown in C:\xampp\htdocs\ativisoft_1_0\ativisoft_2_0\pages\md_fornecedor\cadastrar_cliente_comercial.php on line 171
[13-Aug-2026 10:50:51 America/Sao_Paulo] PHP Warning:  Undefined array key "logo_empresa" in C:\xampp\htdocs\ativisoft_1_0\ativisoft_2_0\pages\md_fornecedor\cadastrar_cliente_comercial.php on line 34
[13-Aug-2026 10:50:51 America/Sao_Paulo] PHP Fatal error:  Uncaught mysqli_sql_exception: Unknown column 'dtcadastro_empresa' in 'field list' in C:\xampp\htdocs\ativisoft_1_0\ativisoft_2_0\pages\md_fornecedor\cadastrar_cliente_comercial.php:171
Stack trace:
#0 C:\xampp\htdocs\ativisoft_1_0\ativisoft_2_0\pages\md_fornecedor\cadastrar_cliente_comercial.php(171): mysqli_query(Object(mysqli), '\n              ...')
#1 {main}
  thrown in C:\xampp\htdocs\ativisoft_1_0\ativisoft_2_0\pages\md_fornecedor\cadastrar_cliente_comercial.php on line 171
[13-Aug-2026 10:51:38 America/Sao_Paulo] PHP Warning:  Undefined array key "logo_empresa" in C:\xampp\htdocs\ativisoft_1_0\ativisoft_2_0\pages\md_fornecedor\cadastrar_cliente_comercial.php on line 34
[13-Aug-2026 10:51:40 America/Sao_Paulo] PHP Warning:  Undefined array key "logo_empresa" in C:\xampp\htdocs\ativisoft_1_0\ativisoft_2_0\pages\md_fornecedor\cadastrar_cliente_comercial.php on line 34
[13-Aug-2026 10:51:56 America/Sao_Paulo] PHP Warning:  Undefined array key "logo_empresa" in C:\xampp\htdocs\ativisoft_1_0\ativisoft_2_0\pages\md_fornecedor\cadastrar_cliente_comercial.php on line 34
[13-Aug-2026 10:51:56 America/Sao_Paulo] PHP Fatal error:  Uncaught mysqli_sql_exception: Unknown column 'tel_empresa' in 'field list' in C:\xampp\htdocs\ativisoft_1_0\ativisoft_2_0\pages\md_fornecedor\cadastrar_cliente_comercial.php:165
Stack trace:
#0 C:\xampp\htdocs\ativisoft_1_0\ativisoft_2_0\pages\md_fornecedor\cadastrar_cliente_comercial.php(165): mysqli_query(Object(mysqli), '\n              ...')
#1 {main}
  thrown in C:\xampp\htdocs\ativisoft_1_0\ativisoft_2_0\pages\md_fornecedor\cadastrar_cliente_comercial.php on line 165
[13-Aug-2026 10:52:59 America/Sao_Paulo] PHP Warning:  Undefined array key "logo_empresa" in C:\xampp\htdocs\ativisoft_1_0\ativisoft_2_0\pages\md_fornecedor\cadastrar_cliente_comercial.php on line 34
[13-Aug-2026 10:52:59 America/Sao_Paulo] PHP Fatal error:  Uncaught mysqli_sql_exception: Unknown column 'obs_tel_empresa' in 'field list' in C:\xampp\htdocs\ativisoft_1_0\ativisoft_2_0\pages\md_fornecedor\cadastrar_cliente_comercial.php:165
Stack trace:
#0 C:\xampp\htdocs\ativisoft_1_0\ativisoft_2_0\pages\md_fornecedor\cadastrar_cliente_comercial.php(165): mysqli_query(Object(mysqli), '\n              ...')
#1 {main}
  thrown in C:\xampp\htdocs\ativisoft_1_0\ativisoft_2_0\pages\md_fornecedor\cadastrar_cliente_comercial.php on line 165
[13-Aug-2026 10:53:07 America/Sao_Paulo] PHP Warning:  Undefined array key "logo_empresa" in C:\xampp\htdocs\ativisoft_1_0\ativisoft_2_0\pages\md_fornecedor\cadastrar_cliente_comercial.php on line 34
[13-Aug-2026 10:53:07 America/Sao_Paulo] PHP Fatal error:  Uncaught mysqli_sql_exception: Unknown column 'obs_tel1_empresa' in 'field list' in C:\xampp\htdocs\ativisoft_1_0\ativisoft_2_0\pages\md_fornecedor\cadastrar_cliente_comercial.php:165
Stack trace:
#0 C:\xampp\htdocs\ativisoft_1_0\ativisoft_2_0\pages\md_fornecedor\cadastrar_cliente_comercial.php(165): mysqli_query(Object(mysqli), '\n              ...')
#1 {main}
  thrown in C:\xampp\htdocs\ativisoft_1_0\ativisoft_2_0\pages\md_fornecedor\cadastrar_cliente_comercial.php on line 165
[13-Aug-2026 10:53:19 America/Sao_Paulo] PHP Warning:  Undefined array key "logo_empresa" in C:\xampp\htdocs\ativisoft_1_0\ativisoft_2_0\pages\md_fornecedor\cadastrar_cliente_comercial.php on line 34
[13-Aug-2026 10:53:19 America/Sao_Paulo] PHP Warning:  Trying to access array offset on value of type null in C:\xampp\htdocs\ativisoft_1_0\ativisoft_2_0\classes\functions.php on line 3003
[13-Aug-2026 10:53:19 America/Sao_Paulo] PHP Warning:  Trying to access array offset on value of type null in C:\xampp\htdocs\ativisoft_1_0\ativisoft_2_0\classes\functions.php on line 3004
[13-Aug-2026 10:53:19 America/Sao_Paulo] PHP Warning:  Undefined variable $cd_proprietario in C:\xampp\htdocs\ativisoft_1_0\ativisoft_2_0\classes\functions.php on line 2230
[13-Aug-2026 10:53:19 America/Sao_Paulo] PHP Warning:  Undefined array key "nome" in C:\xampp\htdocs\ativisoft_1_0\ativisoft_2_0\classes\functions.php on line 6054
[13-Aug-2026 10:53:19 America/Sao_Paulo] PHP Warning:  Undefined array key "telefone" in C:\xampp\htdocs\ativisoft_1_0\ativisoft_2_0\classes\functions.php on line 6055
[13-Aug-2026 10:53:19 America/Sao_Paulo] PHP Deprecated:  preg_replace(): Passing null to parameter #3 ($subject) of type array|string is deprecated in C:\xampp\htdocs\ativisoft_1_0\ativisoft_2_0\classes\functions.php on line 6055
[13-Aug-2026 10:54:19 America/Sao_Paulo] PHP Warning:  Undefined array key "logo_empresa" in C:\xampp\htdocs\ativisoft_1_0\ativisoft_2_0\pages\md_fornecedor\cadastrar_cliente_comercial.php on line 34
[13-Aug-2026 10:54:19 America/Sao_Paulo] PHP Warning:  Trying to access array offset on value of type null in C:\xampp\htdocs\ativisoft_1_0\ativisoft_2_0\classes\functions.php on line 3003
[13-Aug-2026 10:54:19 America/Sao_Paulo] PHP Warning:  Trying to access array offset on value of type null in C:\xampp\htdocs\ativisoft_1_0\ativisoft_2_0\classes\functions.php on line 3004
[13-Aug-2026 10:54:19 America/Sao_Paulo] PHP Warning:  Undefined variable $cd_proprietario in C:\xampp\htdocs\ativisoft_1_0\ativisoft_2_0\classes\functions.php on line 2230
[13-Aug-2026 10:54:19 America/Sao_Paulo] PHP Warning:  Undefined array key "nome" in C:\xampp\htdocs\ativisoft_1_0\ativisoft_2_0\classes\functions.php on line 6054
[13-Aug-2026 10:54:19 America/Sao_Paulo] PHP Warning:  Undefined array key "telefone" in C:\xampp\htdocs\ativisoft_1_0\ativisoft_2_0\classes\functions.php on line 6055
[13-Aug-2026 10:54:19 America/Sao_Paulo] PHP Deprecated:  preg_replace(): Passing null to parameter #3 ($subject) of type array|string is deprecated in C:\xampp\htdocs\ativisoft_1_0\ativisoft_2_0\classes\functions.php on line 6055
[13-Aug-2026 10:54:34 America/Sao_Paulo] PHP Warning:  Undefined array key "logo_empresa" in C:\xampp\htdocs\ativisoft_1_0\ativisoft_2_0\pages\md_fornecedor\listar_cliente_comercial.php on line 56
[13-Aug-2026 10:55:22 America/Sao_Paulo] PHP Warning:  Undefined array key "logo_empresa" in C:\xampp\htdocs\ativisoft_1_0\ativisoft_2_0\pages\md_fornecedor\listar_cliente_comercial.php on line 56
[13-Aug-2026 10:55:28 America/Sao_Paulo] PHP Warning:  Undefined array key "logo_empresa" in C:\xampp\htdocs\ativisoft_1_0\ativisoft_2_0\pages\md_fornecedor\listar_cliente_comercial.php on line 56
[13-Aug-2026 10:55:42 America/Sao_Paulo] PHP Warning:  Cannot modify header information - headers already sent by (output started at C:\xampp\htdocs\ativisoft_1_0\ativisoft_2_0\pages\samples\login.php:70) in C:\xampp\htdocs\ativisoft_1_0\ativisoft_2_0\classes\conn.php on line 43
[13-Aug-2026 10:55:42 America/Sao_Paulo] PHP Warning:  "continue" targeting switch is equivalent to "break". Did you mean to use "continue 2"? in C:\xampp\htdocs\ativisoft_1_0\ativisoft_2_0\pages\md_fornecedor\financeiro.php on line 90
[13-Aug-2026 10:55:42 America/Sao_Paulo] PHP Warning:  Undefined array key "titulo_acesso" in C:\xampp\htdocs\ativisoft_1_0\ativisoft_2_0\pages\dashboard\index.php on line 451
[13-Aug-2026 10:55:54 America/Sao_Paulo] PHP Warning:  Undefined array key "logo_empresa" in C:\xampp\htdocs\ativisoft_1_0\ativisoft_2_0\pages\md_fornecedor\listar_cliente_comercial.php on line 56
[13-Aug-2026 10:56:08 America/Sao_Paulo] PHP Warning:  Undefined array key "logo_empresa" in C:\xampp\htdocs\ativisoft_1_0\ativisoft_2_0\pages\md_fornecedor\listar_cliente_comercial.php on line 56
[13-Aug-2026 10:56:22 America/Sao_Paulo] PHP Warning:  Undefined array key "logo_empresa" in C:\xampp\htdocs\ativisoft_1_0\ativisoft_2_0\pages\md_fornecedor\consultar_cliente_comercial.php on line 31
[13-Aug-2026 10:56:22 America/Sao_Paulo] PHP Warning:  Undefined array key "cd_cliente" in C:\xampp\htdocs\ativisoft_1_0\ativisoft_2_0\pages\md_fornecedor\consultar_cliente_comercial.php on line 281
[13-Aug-2026 10:56:22 America/Sao_Paulo] PHP Warning:  Undefined array key "pnome_cliente" in C:\xampp\htdocs\ativisoft_1_0\ativisoft_2_0\pages\md_fornecedor\consultar_cliente_comercial.php on line 283
[13-Aug-2026 10:56:22 America/Sao_Paulo] PHP Warning:  Undefined array key "snome_cliente" in C:\xampp\htdocs\ativisoft_1_0\ativisoft_2_0\pages\md_fornecedor\consultar_cliente_comercial.php on line 285
[13-Aug-2026 10:56:22 America/Sao_Paulo] PHP Warning:  Undefined array key "tel_cliente" in C:\xampp\htdocs\ativisoft_1_0\ativisoft_2_0\pages\md_fornecedor\consultar_cliente_comercial.php on line 287
[13-Aug-2026 10:56:22 America/Sao_Paulo] PHP Warning:  Undefined array key "cd_cliente" in C:\xampp\htdocs\ativisoft_1_0\ativisoft_2_0\pages\md_fornecedor\consultar_cliente_comercial.php on line 288
[13-Aug-2026 10:56:22 America/Sao_Paulo] PHP Warning:  Undefined array key "pnome_cliente" in C:\xampp\htdocs\ativisoft_1_0\ativisoft_2_0\pages\md_fornecedor\consultar_cliente_comercial.php on line 289
[13-Aug-2026 10:56:22 America/Sao_Paulo] PHP Warning:  Undefined array key "snome_cliente" in C:\xampp\htdocs\ativisoft_1_0\ativisoft_2_0\pages\md_fornecedor\consultar_cliente_comercial.php on line 290
[13-Aug-2026 10:56:22 America/Sao_Paulo] PHP Warning:  Undefined array key "tel_cliente" in C:\xampp\htdocs\ativisoft_1_0\ativisoft_2_0\pages\md_fornecedor\consultar_cliente_comercial.php on line 291
[13-Aug-2026 10:56:22 America/Sao_Paulo] PHP Warning:  Undefined array key "cd_servico" in C:\xampp\htdocs\ativisoft_1_0\ativisoft_2_0\pages\md_fornecedor\consultar_cliente_comercial.php on line 294
[13-Aug-2026 10:56:22 America/Sao_Paulo] PHP Warning:  Undefined array key "obs_con_servico" in C:\xampp\htdocs\ativisoft_1_0\ativisoft_2_0\pages\md_fornecedor\consultar_cliente_comercial.php on line 296
[13-Aug-2026 10:56:22 America/Sao_Paulo] PHP Warning:  Undefined array key "prioridade_servico" in C:\xampp\htdocs\ativisoft_1_0\ativisoft_2_0\pages\md_fornecedor\consultar_cliente_comercial.php on line 299
[13-Aug-2026 10:56:22 America/Sao_Paulo] PHP Warning:  Undefined array key "prioridade_servico" in C:\xampp\htdocs\ativisoft_1_0\ativisoft_2_0\pages\md_fornecedor\consultar_cliente_comercial.php on line 299
[13-Aug-2026 10:56:22 America/Sao_Paulo] PHP Warning:  Undefined array key "entrada_servico" in C:\xampp\htdocs\ativisoft_1_0\ativisoft_2_0\pages\md_fornecedor\consultar_cliente_comercial.php on line 302
[13-Aug-2026 10:56:22 America/Sao_Paulo] PHP Warning:  Undefined array key "prazo_servico" in C:\xampp\htdocs\ativisoft_1_0\ativisoft_2_0\pages\md_fornecedor\consultar_cliente_comercial.php on line 304
[13-Aug-2026 10:56:22 America/Sao_Paulo] PHP Warning:  Undefined array key "cd_servico" in C:\xampp\htdocs\ativisoft_1_0\ativisoft_2_0\pages\md_fornecedor\consultar_cliente_comercial.php on line 307
[13-Aug-2026 10:56:22 America/Sao_Paulo] PHP Warning:  Undefined array key "obs_con_servico" in C:\xampp\htdocs\ativisoft_1_0\ativisoft_2_0\pages\md_fornecedor\consultar_cliente_comercial.php on line 308
[13-Aug-2026 10:56:22 America/Sao_Paulo] PHP Warning:  Undefined array key "prioridade_servico" in C:\xampp\htdocs\ativisoft_1_0\ativisoft_2_0\pages\md_fornecedor\consultar_cliente_comercial.php on line 309
[13-Aug-2026 10:56:22 America/Sao_Paulo] PHP Warning:  Undefined array key "entrada_servico" in C:\xampp\htdocs\ativisoft_1_0\ativisoft_2_0\pages\md_fornecedor\consultar_cliente_comercial.php on line 310
[13-Aug-2026 10:56:22 America/Sao_Paulo] PHP Warning:  Undefined array key "prazo_servico" in C:\xampp\htdocs\ativisoft_1_0\ativisoft_2_0\pages\md_fornecedor\consultar_cliente_comercial.php on line 311
[13-Aug-2026 10:56:22 America/Sao_Paulo] PHP Warning:  Undefined array key "vpag_servico" in C:\xampp\htdocs\ativisoft_1_0\ativisoft_2_0\pages\md_fornecedor\consultar_cliente_comercial.php on line 316
[13-Aug-2026 10:56:22 America/Sao_Paulo] PHP Warning:  Undefined array key "cd_servico" in C:\xampp\htdocs\ativisoft_1_0\ativisoft_2_0\pages\md_fornecedor\consultar_cliente_comercial.php on line 465
[13-Aug-2026 10:56:23 America/Sao_Paulo] PHP Warning:  Undefined array key "logo_empresa" in C:\xampp\htdocs\ativisoft_1_0\ativisoft_2_0\pages\md_fornecedor\cadastrar_cliente_comercial.php on line 34
[13-Aug-2026 10:56:23 America/Sao_Paulo] PHP Warning:  Trying to access array offset on value of type null in C:\xampp\htdocs\ativisoft_1_0\ativisoft_2_0\classes\functions.php on line 3003
[13-Aug-2026 10:56:23 America/Sao_Paulo] PHP Warning:  Trying to access array offset on value of type null in C:\xampp\htdocs\ativisoft_1_0\ativisoft_2_0\classes\functions.php on line 3004
[13-Aug-2026 10:56:23 America/Sao_Paulo] PHP Warning:  Undefined variable $cd_proprietario in C:\xampp\htdocs\ativisoft_1_0\ativisoft_2_0\classes\functions.php on line 2230
[13-Aug-2026 10:56:23 America/Sao_Paulo] PHP Warning:  Undefined array key "nome" in C:\xampp\htdocs\ativisoft_1_0\ativisoft_2_0\classes\functions.php on line 6054
[13-Aug-2026 10:56:23 America/Sao_Paulo] PHP Warning:  Undefined array key "telefone" in C:\xampp\htdocs\ativisoft_1_0\ativisoft_2_0\classes\functions.php on line 6055
[13-Aug-2026 10:56:23 America/Sao_Paulo] PHP Deprecated:  preg_replace(): Passing null to parameter #3 ($subject) of type array|string is deprecated in C:\xampp\htdocs\ativisoft_1_0\ativisoft_2_0\classes\functions.php on line 6055
[13-Aug-2026 10:58:59 America/Sao_Paulo] PHP Warning:  Undefined array key "logo_empresa" in C:\xampp\htdocs\ativisoft_1_0\ativisoft_2_0\pages\md_fornecedor\cadastrar_cliente_comercial.php on line 34
[13-Aug-2026 10:58:59 America/Sao_Paulo] PHP Warning:  Trying to access array offset on value of type null in C:\xampp\htdocs\ativisoft_1_0\ativisoft_2_0\classes\functions.php on line 3003
[13-Aug-2026 10:58:59 America/Sao_Paulo] PHP Warning:  Trying to access array offset on value of type null in C:\xampp\htdocs\ativisoft_1_0\ativisoft_2_0\classes\functions.php on line 3004
[13-Aug-2026 10:58:59 America/Sao_Paulo] PHP Warning:  Undefined variable $cd_proprietario in C:\xampp\htdocs\ativisoft_1_0\ativisoft_2_0\classes\functions.php on line 2230
[13-Aug-2026 10:58:59 America/Sao_Paulo] PHP Warning:  Undefined array key "nome" in C:\xampp\htdocs\ativisoft_1_0\ativisoft_2_0\classes\functions.php on line 6054
[13-Aug-2026 10:58:59 America/Sao_Paulo] PHP Warning:  Undefined array key "telefone" in C:\xampp\htdocs\ativisoft_1_0\ativisoft_2_0\classes\functions.php on line 6055
[13-Aug-2026 10:58:59 America/Sao_Paulo] PHP Deprecated:  preg_replace(): Passing null to parameter #3 ($subject) of type array|string is deprecated in C:\xampp\htdocs\ativisoft_1_0\ativisoft_2_0\classes\functions.php on line 6055
[13-Aug-2026 10:59:09 America/Sao_Paulo] PHP Warning:  "continue" targeting switch is equivalent to "break". Did you mean to use "continue 2"? in C:\xampp\htdocs\ativisoft_1_0\ativisoft_2_0\pages\md_fornecedor\financeiro.php on line 90
[13-Aug-2026 10:59:09 America/Sao_Paulo] PHP Warning:  Undefined array key "titulo_acesso" in C:\xampp\htdocs\ativisoft_1_0\ativisoft_2_0\pages\dashboard\index.php on line 451
[13-Aug-2026 10:59:14 America/Sao_Paulo] PHP Warning:  Undefined array key "logo_empresa" in C:\xampp\htdocs\ativisoft_1_0\ativisoft_2_0\pages\md_fornecedor\listar_cliente_comercial.php on line 56
[13-Aug-2026 10:59:15 America/Sao_Paulo] PHP Warning:  Undefined array key "logo_empresa" in C:\xampp\htdocs\ativisoft_1_0\ativisoft_2_0\pages\md_fornecedor\listar_cliente_comercial.php on line 56
[13-Aug-2026 10:59:18 America/Sao_Paulo] PHP Warning:  Undefined array key "logo_empresa" in C:\xampp\htdocs\ativisoft_1_0\ativisoft_2_0\pages\md_fornecedor\consultar_cliente_comercial.php on line 31
[13-Aug-2026 10:59:18 America/Sao_Paulo] PHP Warning:  Undefined array key "cd_cliente" in C:\xampp\htdocs\ativisoft_1_0\ativisoft_2_0\pages\md_fornecedor\consultar_cliente_comercial.php on line 281
[13-Aug-2026 10:59:18 America/Sao_Paulo] PHP Warning:  Undefined array key "pnome_cliente" in C:\xampp\htdocs\ativisoft_1_0\ativisoft_2_0\pages\md_fornecedor\consultar_cliente_comercial.php on line 283
[13-Aug-2026 10:59:18 America/Sao_Paulo] PHP Warning:  Undefined array key "snome_cliente" in C:\xampp\htdocs\ativisoft_1_0\ativisoft_2_0\pages\md_fornecedor\consultar_cliente_comercial.php on line 285
[13-Aug-2026 10:59:18 America/Sao_Paulo] PHP Warning:  Undefined array key "tel_cliente" in C:\xampp\htdocs\ativisoft_1_0\ativisoft_2_0\pages\md_fornecedor\consultar_cliente_comercial.php on line 287
[13-Aug-2026 10:59:18 America/Sao_Paulo] PHP Warning:  Undefined array key "cd_cliente" in C:\xampp\htdocs\ativisoft_1_0\ativisoft_2_0\pages\md_fornecedor\consultar_cliente_comercial.php on line 288
[13-Aug-2026 10:59:18 America/Sao_Paulo] PHP Warning:  Undefined array key "pnome_cliente" in C:\xampp\htdocs\ativisoft_1_0\ativisoft_2_0\pages\md_fornecedor\consultar_cliente_comercial.php on line 289
[13-Aug-2026 10:59:18 America/Sao_Paulo] PHP Warning:  Undefined array key "snome_cliente" in C:\xampp\htdocs\ativisoft_1_0\ativisoft_2_0\pages\md_fornecedor\consultar_cliente_comercial.php on line 290
[13-Aug-2026 10:59:18 America/Sao_Paulo] PHP Warning:  Undefined array key "tel_cliente" in C:\xampp\htdocs\ativisoft_1_0\ativisoft_2_0\pages\md_fornecedor\consultar_cliente_comercial.php on line 291
[13-Aug-2026 10:59:18 America/Sao_Paulo] PHP Warning:  Undefined array key "cd_servico" in C:\xampp\htdocs\ativisoft_1_0\ativisoft_2_0\pages\md_fornecedor\consultar_cliente_comercial.php on line 294
[13-Aug-2026 10:59:18 America/Sao_Paulo] PHP Warning:  Undefined array key "obs_con_servico" in C:\xampp\htdocs\ativisoft_1_0\ativisoft_2_0\pages\md_fornecedor\consultar_cliente_comercial.php on line 296
[13-Aug-2026 10:59:18 America/Sao_Paulo] PHP Warning:  Undefined array key "prioridade_servico" in C:\xampp\htdocs\ativisoft_1_0\ativisoft_2_0\pages\md_fornecedor\consultar_cliente_comercial.php on line 299
[13-Aug-2026 10:59:18 America/Sao_Paulo] PHP Warning:  Undefined array key "prioridade_servico" in C:\xampp\htdocs\ativisoft_1_0\ativisoft_2_0\pages\md_fornecedor\consultar_cliente_comercial.php on line 299
[13-Aug-2026 10:59:18 America/Sao_Paulo] PHP Warning:  Undefined array key "entrada_servico" in C:\xampp\htdocs\ativisoft_1_0\ativisoft_2_0\pages\md_fornecedor\consultar_cliente_comercial.php on line 302
[13-Aug-2026 10:59:18 America/Sao_Paulo] PHP Warning:  Undefined array key "prazo_servico" in C:\xampp\htdocs\ativisoft_1_0\ativisoft_2_0\pages\md_fornecedor\consultar_cliente_comercial.php on line 304
[13-Aug-2026 10:59:18 America/Sao_Paulo] PHP Warning:  Undefined array key "cd_servico" in C:\xampp\htdocs\ativisoft_1_0\ativisoft_2_0\pages\md_fornecedor\consultar_cliente_comercial.php on line 307
[13-Aug-2026 10:59:18 America/Sao_Paulo] PHP Warning:  Undefined array key "obs_con_servico" in C:\xampp\htdocs\ativisoft_1_0\ativisoft_2_0\pages\md_fornecedor\consultar_cliente_comercial.php on line 308
[13-Aug-2026 10:59:18 America/Sao_Paulo] PHP Warning:  Undefined array key "prioridade_servico" in C:\xampp\htdocs\ativisoft_1_0\ativisoft_2_0\pages\md_fornecedor\consultar_cliente_comercial.php on line 309
[13-Aug-2026 10:59:18 America/Sao_Paulo] PHP Warning:  Undefined array key "entrada_servico" in C:\xampp\htdocs\ativisoft_1_0\ativisoft_2_0\pages\md_fornecedor\consultar_cliente_comercial.php on line 310
[13-Aug-2026 10:59:18 America/Sao_Paulo] PHP Warning:  Undefined array key "prazo_servico" in C:\xampp\htdocs\ativisoft_1_0\ativisoft_2_0\pages\md_fornecedor\consultar_cliente_comercial.php on line 311
[13-Aug-2026 10:59:18 America/Sao_Paulo] PHP Warning:  Undefined array key "vpag_servico" in C:\xampp\htdocs\ativisoft_1_0\ativisoft_2_0\pages\md_fornecedor\consultar_cliente_comercial.php on line 316
[13-Aug-2026 10:59:18 America/Sao_Paulo] PHP Warning:  Undefined array key "cd_servico" in C:\xampp\htdocs\ativisoft_1_0\ativisoft_2_0\pages\md_fornecedor\consultar_cliente_comercial.php on line 465
[13-Aug-2026 10:59:20 America/Sao_Paulo] PHP Warning:  Undefined array key "logo_empresa" in C:\xampp\htdocs\ativisoft_1_0\ativisoft_2_0\pages\md_fornecedor\cadastrar_cliente_comercial.php on line 34
[13-Aug-2026 10:59:20 America/Sao_Paulo] PHP Warning:  Trying to access array offset on value of type null in C:\xampp\htdocs\ativisoft_1_0\ativisoft_2_0\classes\functions.php on line 3003
[13-Aug-2026 10:59:20 America/Sao_Paulo] PHP Warning:  Trying to access array offset on value of type null in C:\xampp\htdocs\ativisoft_1_0\ativisoft_2_0\classes\functions.php on line 3004
[13-Aug-2026 10:59:20 America/Sao_Paulo] PHP Warning:  Undefined variable $cd_proprietario in C:\xampp\htdocs\ativisoft_1_0\ativisoft_2_0\classes\functions.php on line 2230
[13-Aug-2026 10:59:20 America/Sao_Paulo] PHP Warning:  Undefined array key "nome" in C:\xampp\htdocs\ativisoft_1_0\ativisoft_2_0\classes\functions.php on line 6054
[13-Aug-2026 10:59:20 America/Sao_Paulo] PHP Warning:  Undefined array key "telefone" in C:\xampp\htdocs\ativisoft_1_0\ativisoft_2_0\classes\functions.php on line 6055
[13-Aug-2026 10:59:20 America/Sao_Paulo] PHP Deprecated:  preg_replace(): Passing null to parameter #3 ($subject) of type array|string is deprecated in C:\xampp\htdocs\ativisoft_1_0\ativisoft_2_0\classes\functions.php on line 6055
[13-Aug-2026 11:00:41 America/Sao_Paulo] PHP Warning:  Undefined array key "logo_empresa" in C:\xampp\htdocs\ativisoft_1_0\ativisoft_2_0\pages\md_fornecedor\cadastrar_cliente_comercial.php on line 34
[13-Aug-2026 11:00:41 America/Sao_Paulo] PHP Warning:  Trying to access array offset on value of type null in C:\xampp\htdocs\ativisoft_1_0\ativisoft_2_0\classes\functions.php on line 3003
[13-Aug-2026 11:00:41 America/Sao_Paulo] PHP Warning:  Trying to access array offset on value of type null in C:\xampp\htdocs\ativisoft_1_0\ativisoft_2_0\classes\functions.php on line 3004
[13-Aug-2026 11:00:41 America/Sao_Paulo] PHP Warning:  Undefined variable $cd_proprietario in C:\xampp\htdocs\ativisoft_1_0\ativisoft_2_0\classes\functions.php on line 2230
[13-Aug-2026 11:00:41 America/Sao_Paulo] PHP Warning:  Undefined array key "nome" in C:\xampp\htdocs\ativisoft_1_0\ativisoft_2_0\classes\functions.php on line 6054
[13-Aug-2026 11:00:41 America/Sao_Paulo] PHP Warning:  Undefined array key "telefone" in C:\xampp\htdocs\ativisoft_1_0\ativisoft_2_0\classes\functions.php on line 6055
[13-Aug-2026 11:00:41 America/Sao_Paulo] PHP Deprecated:  preg_replace(): Passing null to parameter #3 ($subject) of type array|string is deprecated in C:\xampp\htdocs\ativisoft_1_0\ativisoft_2_0\classes\functions.php on line 6055
[13-Aug-2026 11:00:42 America/Sao_Paulo] PHP Warning:  Cannot modify header information - headers already sent by (output started at C:\xampp\htdocs\ativisoft_1_0\ativisoft_2_0\pages\samples\login.php:70) in C:\xampp\htdocs\ativisoft_1_0\ativisoft_2_0\classes\conn.php on line 43
[13-Aug-2026 11:00:42 America/Sao_Paulo] PHP Warning:  "continue" targeting switch is equivalent to "break". Did you mean to use "continue 2"? in C:\xampp\htdocs\ativisoft_1_0\ativisoft_2_0\pages\md_fornecedor\financeiro.php on line 90
[13-Aug-2026 11:00:42 America/Sao_Paulo] PHP Warning:  Undefined array key "titulo_acesso" in C:\xampp\htdocs\ativisoft_1_0\ativisoft_2_0\pages\dashboard\index.php on line 451
[13-Aug-2026 11:00:58 America/Sao_Paulo] PHP Warning:  Undefined array key "logo_empresa" in C:\xampp\htdocs\ativisoft_1_0\ativisoft_2_0\pages\md_fornecedor\cadastrar_cliente_comercial.php on line 34
[13-Aug-2026 11:01:40 America/Sao_Paulo] PHP Warning:  Undefined array key "logo_empresa" in C:\xampp\htdocs\ativisoft_1_0\ativisoft_2_0\pages\md_fornecedor\cadastrar_cliente_comercial.php on line 34
[13-Aug-2026 11:01:40 America/Sao_Paulo] PHP Warning:  Trying to access array offset on value of type null in C:\xampp\htdocs\ativisoft_1_0\ativisoft_2_0\classes\functions.php on line 3003
[13-Aug-2026 11:01:40 America/Sao_Paulo] PHP Warning:  Trying to access array offset on value of type null in C:\xampp\htdocs\ativisoft_1_0\ativisoft_2_0\classes\functions.php on line 3004
[13-Aug-2026 11:01:40 America/Sao_Paulo] PHP Warning:  Undefined variable $cd_proprietario in C:\xampp\htdocs\ativisoft_1_0\ativisoft_2_0\classes\functions.php on line 2230
[13-Aug-2026 11:01:40 America/Sao_Paulo] PHP Warning:  Undefined array key "nome" in C:\xampp\htdocs\ativisoft_1_0\ativisoft_2_0\classes\functions.php on line 6054
[13-Aug-2026 11:01:40 America/Sao_Paulo] PHP Warning:  Undefined array key "telefone" in C:\xampp\htdocs\ativisoft_1_0\ativisoft_2_0\classes\functions.php on line 6055
[13-Aug-2026 11:01:40 America/Sao_Paulo] PHP Deprecated:  preg_replace(): Passing null to parameter #3 ($subject) of type array|string is deprecated in C:\xampp\htdocs\ativisoft_1_0\ativisoft_2_0\classes\functions.php on line 6055
[13-Aug-2026 11:01:47 America/Sao_Paulo] PHP Warning:  Undefined array key "logo_empresa" in C:\xampp\htdocs\ativisoft_1_0\ativisoft_2_0\pages\md_fornecedor\cadastrar_cliente_comercial.php on line 34
[13-Aug-2026 11:01:47 America/Sao_Paulo] PHP Warning:  Trying to access array offset on value of type null in C:\xampp\htdocs\ativisoft_1_0\ativisoft_2_0\classes\functions.php on line 3003
[13-Aug-2026 11:01:47 America/Sao_Paulo] PHP Warning:  Trying to access array offset on value of type null in C:\xampp\htdocs\ativisoft_1_0\ativisoft_2_0\classes\functions.php on line 3004
[13-Aug-2026 11:01:47 America/Sao_Paulo] PHP Warning:  Undefined variable $cd_proprietario in C:\xampp\htdocs\ativisoft_1_0\ativisoft_2_0\classes\functions.php on line 2230
[13-Aug-2026 11:01:47 America/Sao_Paulo] PHP Warning:  Undefined array key "nome" in C:\xampp\htdocs\ativisoft_1_0\ativisoft_2_0\classes\functions.php on line 6054
[13-Aug-2026 11:01:47 America/Sao_Paulo] PHP Warning:  Undefined array key "telefone" in C:\xampp\htdocs\ativisoft_1_0\ativisoft_2_0\classes\functions.php on line 6055
[13-Aug-2026 11:01:47 America/Sao_Paulo] PHP Deprecated:  preg_replace(): Passing null to parameter #3 ($subject) of type array|string is deprecated in C:\xampp\htdocs\ativisoft_1_0\ativisoft_2_0\classes\functions.php on line 6055
[13-Aug-2026 11:02:02 America/Sao_Paulo] PHP Warning:  Undefined array key "logo_empresa" in C:\xampp\htdocs\ativisoft_1_0\ativisoft_2_0\pages\md_fornecedor\listar_cliente_comercial.php on line 56
[13-Aug-2026 11:02:06 America/Sao_Paulo] PHP Warning:  Undefined array key "logo_empresa" in C:\xampp\htdocs\ativisoft_1_0\ativisoft_2_0\pages\md_fornecedor\listar_cliente_comercial.php on line 56
[13-Aug-2026 11:02:10 America/Sao_Paulo] PHP Warning:  Undefined array key "logo_empresa" in C:\xampp\htdocs\ativisoft_1_0\ativisoft_2_0\pages\md_fornecedor\consultar_cliente_comercial.php on line 31
[13-Aug-2026 11:02:10 America/Sao_Paulo] PHP Warning:  Undefined array key "cd_cliente" in C:\xampp\htdocs\ativisoft_1_0\ativisoft_2_0\pages\md_fornecedor\consultar_cliente_comercial.php on line 281
[13-Aug-2026 11:02:10 America/Sao_Paulo] PHP Warning:  Undefined array key "pnome_cliente" in C:\xampp\htdocs\ativisoft_1_0\ativisoft_2_0\pages\md_fornecedor\consultar_cliente_comercial.php on line 283
[13-Aug-2026 11:02:10 America/Sao_Paulo] PHP Warning:  Undefined array key "snome_cliente" in C:\xampp\htdocs\ativisoft_1_0\ativisoft_2_0\pages\md_fornecedor\consultar_cliente_comercial.php on line 285
[13-Aug-2026 11:02:10 America/Sao_Paulo] PHP Warning:  Undefined array key "tel_cliente" in C:\xampp\htdocs\ativisoft_1_0\ativisoft_2_0\pages\md_fornecedor\consultar_cliente_comercial.php on line 287
[13-Aug-2026 11:02:10 America/Sao_Paulo] PHP Warning:  Undefined array key "cd_cliente" in C:\xampp\htdocs\ativisoft_1_0\ativisoft_2_0\pages\md_fornecedor\consultar_cliente_comercial.php on line 288
[13-Aug-2026 11:02:10 America/Sao_Paulo] PHP Warning:  Undefined array key "pnome_cliente" in C:\xampp\htdocs\ativisoft_1_0\ativisoft_2_0\pages\md_fornecedor\consultar_cliente_comercial.php on line 289
[13-Aug-2026 11:02:10 America/Sao_Paulo] PHP Warning:  Undefined array key "snome_cliente" in C:\xampp\htdocs\ativisoft_1_0\ativisoft_2_0\pages\md_fornecedor\consultar_cliente_comercial.php on line 290
[13-Aug-2026 11:02:10 America/Sao_Paulo] PHP Warning:  Undefined array key "tel_cliente" in C:\xampp\htdocs\ativisoft_1_0\ativisoft_2_0\pages\md_fornecedor\consultar_cliente_comercial.php on line 291
[13-Aug-2026 11:02:10 America/Sao_Paulo] PHP Warning:  Undefined array key "cd_servico" in C:\xampp\htdocs\ativisoft_1_0\ativisoft_2_0\pages\md_fornecedor\consultar_cliente_comercial.php on line 294
[13-Aug-2026 11:02:10 America/Sao_Paulo] PHP Warning:  Undefined array key "obs_con_servico" in C:\xampp\htdocs\ativisoft_1_0\ativisoft_2_0\pages\md_fornecedor\consultar_cliente_comercial.php on line 296
[13-Aug-2026 11:02:10 America/Sao_Paulo] PHP Warning:  Undefined array key "prioridade_servico" in C:\xampp\htdocs\ativisoft_1_0\ativisoft_2_0\pages\md_fornecedor\consultar_cliente_comercial.php on line 299
[13-Aug-2026 11:02:10 America/Sao_Paulo] PHP Warning:  Undefined array key "prioridade_servico" in C:\xampp\htdocs\ativisoft_1_0\ativisoft_2_0\pages\md_fornecedor\consultar_cliente_comercial.php on line 299
[13-Aug-2026 11:02:10 America/Sao_Paulo] PHP Warning:  Undefined array key "entrada_servico" in C:\xampp\htdocs\ativisoft_1_0\ativisoft_2_0\pages\md_fornecedor\consultar_cliente_comercial.php on line 302
[13-Aug-2026 11:02:10 America/Sao_Paulo] PHP Warning:  Undefined array key "prazo_servico" in C:\xampp\htdocs\ativisoft_1_0\ativisoft_2_0\pages\md_fornecedor\consultar_cliente_comercial.php on line 304
[13-Aug-2026 11:02:10 America/Sao_Paulo] PHP Warning:  Undefined array key "cd_servico" in C:\xampp\htdocs\ativisoft_1_0\ativisoft_2_0\pages\md_fornecedor\consultar_cliente_comercial.php on line 307
[13-Aug-2026 11:02:10 America/Sao_Paulo] PHP Warning:  Undefined array key "obs_con_servico" in C:\xampp\htdocs\ativisoft_1_0\ativisoft_2_0\pages\md_fornecedor\consultar_cliente_comercial.php on line 308
[13-Aug-2026 11:02:10 America/Sao_Paulo] PHP Warning:  Undefined array key "prioridade_servico" in C:\xampp\htdocs\ativisoft_1_0\ativisoft_2_0\pages\md_fornecedor\consultar_cliente_comercial.php on line 309
[13-Aug-2026 11:02:10 America/Sao_Paulo] PHP Warning:  Undefined array key "entrada_servico" in C:\xampp\htdocs\ativisoft_1_0\ativisoft_2_0\pages\md_fornecedor\consultar_cliente_comercial.php on line 310
[13-Aug-2026 11:02:10 America/Sao_Paulo] PHP Warning:  Undefined array key "prazo_servico" in C:\xampp\htdocs\ativisoft_1_0\ativisoft_2_0\pages\md_fornecedor\consultar_cliente_comercial.php on line 311
[13-Aug-2026 11:02:10 America/Sao_Paulo] PHP Warning:  Undefined array key "vpag_servico" in C:\xampp\htdocs\ativisoft_1_0\ativisoft_2_0\pages\md_fornecedor\consultar_cliente_comercial.php on line 316
[13-Aug-2026 11:02:10 America/Sao_Paulo] PHP Warning:  Undefined array key "cd_servico" in C:\xampp\htdocs\ativisoft_1_0\ativisoft_2_0\pages\md_fornecedor\consultar_cliente_comercial.php on line 465
[13-Aug-2026 11:02:14 America/Sao_Paulo] PHP Warning:  Undefined array key "logo_empresa" in C:\xampp\htdocs\ativisoft_1_0\ativisoft_2_0\pages\md_fornecedor\cadastrar_cliente_comercial.php on line 34
[13-Aug-2026 11:02:14 America/Sao_Paulo] PHP Warning:  Trying to access array offset on value of type null in C:\xampp\htdocs\ativisoft_1_0\ativisoft_2_0\classes\functions.php on line 3003
[13-Aug-2026 11:02:14 America/Sao_Paulo] PHP Warning:  Trying to access array offset on value of type null in C:\xampp\htdocs\ativisoft_1_0\ativisoft_2_0\classes\functions.php on line 3004
[13-Aug-2026 11:02:14 America/Sao_Paulo] PHP Warning:  Undefined variable $cd_proprietario in C:\xampp\htdocs\ativisoft_1_0\ativisoft_2_0\classes\functions.php on line 2230
[13-Aug-2026 11:02:14 America/Sao_Paulo] PHP Warning:  Undefined array key "nome" in C:\xampp\htdocs\ativisoft_1_0\ativisoft_2_0\classes\functions.php on line 6054
[13-Aug-2026 11:02:14 America/Sao_Paulo] PHP Warning:  Undefined array key "telefone" in C:\xampp\htdocs\ativisoft_1_0\ativisoft_2_0\classes\functions.php on line 6055
[13-Aug-2026 11:02:14 America/Sao_Paulo] PHP Deprecated:  preg_replace(): Passing null to parameter #3 ($subject) of type array|string is deprecated in C:\xampp\htdocs\ativisoft_1_0\ativisoft_2_0\classes\functions.php on line 6055
[13-Aug-2026 11:06:02 America/Sao_Paulo] PHP Warning:  Trying to access array offset on value of type null in C:\xampp\htdocs\ativisoft_1_0\ativisoft_2_0\classes\functions.php on line 3003
[13-Aug-2026 11:06:02 America/Sao_Paulo] PHP Warning:  Trying to access array offset on value of type null in C:\xampp\htdocs\ativisoft_1_0\ativisoft_2_0\classes\functions.php on line 3004
[13-Aug-2026 11:06:02 America/Sao_Paulo] PHP Warning:  Undefined variable $cd_proprietario in C:\xampp\htdocs\ativisoft_1_0\ativisoft_2_0\classes\functions.php on line 2230
[13-Aug-2026 11:06:02 America/Sao_Paulo] PHP Warning:  Undefined array key "nome" in C:\xampp\htdocs\ativisoft_1_0\ativisoft_2_0\classes\functions.php on line 6054
[13-Aug-2026 11:06:02 America/Sao_Paulo] PHP Warning:  Undefined array key "telefone" in C:\xampp\htdocs\ativisoft_1_0\ativisoft_2_0\classes\functions.php on line 6055
[13-Aug-2026 11:06:02 America/Sao_Paulo] PHP Deprecated:  preg_replace(): Passing null to parameter #3 ($subject) of type array|string is deprecated in C:\xampp\htdocs\ativisoft_1_0\ativisoft_2_0\classes\functions.php on line 6055
[13-Aug-2026 11:06:07 America/Sao_Paulo] PHP Warning:  Undefined array key "logo_empresa" in C:\xampp\htdocs\ativisoft_1_0\ativisoft_2_0\pages\md_fornecedor\listar_cliente_comercial.php on line 56
[13-Aug-2026 11:06:09 America/Sao_Paulo] PHP Warning:  Undefined array key "logo_empresa" in C:\xampp\htdocs\ativisoft_1_0\ativisoft_2_0\pages\md_fornecedor\consultar_cliente_comercial.php on line 31
[13-Aug-2026 11:06:09 America/Sao_Paulo] PHP Warning:  Undefined array key "cd_cliente" in C:\xampp\htdocs\ativisoft_1_0\ativisoft_2_0\pages\md_fornecedor\consultar_cliente_comercial.php on line 281
[13-Aug-2026 11:06:09 America/Sao_Paulo] PHP Warning:  Undefined array key "pnome_cliente" in C:\xampp\htdocs\ativisoft_1_0\ativisoft_2_0\pages\md_fornecedor\consultar_cliente_comercial.php on line 283
[13-Aug-2026 11:06:09 America/Sao_Paulo] PHP Warning:  Undefined array key "snome_cliente" in C:\xampp\htdocs\ativisoft_1_0\ativisoft_2_0\pages\md_fornecedor\consultar_cliente_comercial.php on line 285
[13-Aug-2026 11:06:09 America/Sao_Paulo] PHP Warning:  Undefined array key "tel_cliente" in C:\xampp\htdocs\ativisoft_1_0\ativisoft_2_0\pages\md_fornecedor\consultar_cliente_comercial.php on line 287
[13-Aug-2026 11:06:09 America/Sao_Paulo] PHP Warning:  Undefined array key "cd_cliente" in C:\xampp\htdocs\ativisoft_1_0\ativisoft_2_0\pages\md_fornecedor\consultar_cliente_comercial.php on line 288
[13-Aug-2026 11:06:09 America/Sao_Paulo] PHP Warning:  Undefined array key "pnome_cliente" in C:\xampp\htdocs\ativisoft_1_0\ativisoft_2_0\pages\md_fornecedor\consultar_cliente_comercial.php on line 289
[13-Aug-2026 11:06:09 America/Sao_Paulo] PHP Warning:  Undefined array key "snome_cliente" in C:\xampp\htdocs\ativisoft_1_0\ativisoft_2_0\pages\md_fornecedor\consultar_cliente_comercial.php on line 290
[13-Aug-2026 11:06:09 America/Sao_Paulo] PHP Warning:  Undefined array key "tel_cliente" in C:\xampp\htdocs\ativisoft_1_0\ativisoft_2_0\pages\md_fornecedor\consultar_cliente_comercial.php on line 291
[13-Aug-2026 11:06:09 America/Sao_Paulo] PHP Warning:  Undefined array key "cd_servico" in C:\xampp\htdocs\ativisoft_1_0\ativisoft_2_0\pages\md_fornecedor\consultar_cliente_comercial.php on line 294
[13-Aug-2026 11:06:09 America/Sao_Paulo] PHP Warning:  Undefined array key "obs_con_servico" in C:\xampp\htdocs\ativisoft_1_0\ativisoft_2_0\pages\md_fornecedor\consultar_cliente_comercial.php on line 296
[13-Aug-2026 11:06:09 America/Sao_Paulo] PHP Warning:  Undefined array key "prioridade_servico" in C:\xampp\htdocs\ativisoft_1_0\ativisoft_2_0\pages\md_fornecedor\consultar_cliente_comercial.php on line 299
[13-Aug-2026 11:06:09 America/Sao_Paulo] PHP Warning:  Undefined array key "prioridade_servico" in C:\xampp\htdocs\ativisoft_1_0\ativisoft_2_0\pages\md_fornecedor\consultar_cliente_comercial.php on line 299
[13-Aug-2026 11:06:09 America/Sao_Paulo] PHP Warning:  Undefined array key "entrada_servico" in C:\xampp\htdocs\ativisoft_1_0\ativisoft_2_0\pages\md_fornecedor\consultar_cliente_comercial.php on line 302
[13-Aug-2026 11:06:09 America/Sao_Paulo] PHP Warning:  Undefined array key "prazo_servico" in C:\xampp\htdocs\ativisoft_1_0\ativisoft_2_0\pages\md_fornecedor\consultar_cliente_comercial.php on line 304
[13-Aug-2026 11:06:09 America/Sao_Paulo] PHP Warning:  Undefined array key "cd_servico" in C:\xampp\htdocs\ativisoft_1_0\ativisoft_2_0\pages\md_fornecedor\consultar_cliente_comercial.php on line 307
[13-Aug-2026 11:06:09 America/Sao_Paulo] PHP Warning:  Undefined array key "obs_con_servico" in C:\xampp\htdocs\ativisoft_1_0\ativisoft_2_0\pages\md_fornecedor\consultar_cliente_comercial.php on line 308
[13-Aug-2026 11:06:09 America/Sao_Paulo] PHP Warning:  Undefined array key "prioridade_servico" in C:\xampp\htdocs\ativisoft_1_0\ativisoft_2_0\pages\md_fornecedor\consultar_cliente_comercial.php on line 309
[13-Aug-2026 11:06:09 America/Sao_Paulo] PHP Warning:  Undefined array key "entrada_servico" in C:\xampp\htdocs\ativisoft_1_0\ativisoft_2_0\pages\md_fornecedor\consultar_cliente_comercial.php on line 310
[13-Aug-2026 11:06:09 America/Sao_Paulo] PHP Warning:  Undefined array key "prazo_servico" in C:\xampp\htdocs\ativisoft_1_0\ativisoft_2_0\pages\md_fornecedor\consultar_cliente_comercial.php on line 311
[13-Aug-2026 11:06:09 America/Sao_Paulo] PHP Warning:  Undefined array key "vpag_servico" in C:\xampp\htdocs\ativisoft_1_0\ativisoft_2_0\pages\md_fornecedor\consultar_cliente_comercial.php on line 316
[13-Aug-2026 11:06:09 America/Sao_Paulo] PHP Warning:  Undefined array key "cd_servico" in C:\xampp\htdocs\ativisoft_1_0\ativisoft_2_0\pages\md_fornecedor\consultar_cliente_comercial.php on line 465
[13-Aug-2026 11:06:10 America/Sao_Paulo] PHP Warning:  Trying to access array offset on value of type null in C:\xampp\htdocs\ativisoft_1_0\ativisoft_2_0\classes\functions.php on line 3003
[13-Aug-2026 11:06:10 America/Sao_Paulo] PHP Warning:  Trying to access array offset on value of type null in C:\xampp\htdocs\ativisoft_1_0\ativisoft_2_0\classes\functions.php on line 3004
[13-Aug-2026 11:06:10 America/Sao_Paulo] PHP Warning:  Undefined variable $cd_proprietario in C:\xampp\htdocs\ativisoft_1_0\ativisoft_2_0\classes\functions.php on line 2230
[13-Aug-2026 11:06:10 America/Sao_Paulo] PHP Warning:  Undefined array key "nome" in C:\xampp\htdocs\ativisoft_1_0\ativisoft_2_0\classes\functions.php on line 6054
[13-Aug-2026 11:06:10 America/Sao_Paulo] PHP Warning:  Undefined array key "telefone" in C:\xampp\htdocs\ativisoft_1_0\ativisoft_2_0\classes\functions.php on line 6055
[13-Aug-2026 11:06:10 America/Sao_Paulo] PHP Deprecated:  preg_replace(): Passing null to parameter #3 ($subject) of type array|string is deprecated in C:\xampp\htdocs\ativisoft_1_0\ativisoft_2_0\classes\functions.php on line 6055
[13-Aug-2026 11:06:16 America/Sao_Paulo] PHP Warning:  Undefined array key "logo_empresa" in C:\xampp\htdocs\ativisoft_1_0\ativisoft_2_0\pages\md_fornecedor\listar_cliente_comercial.php on line 56
[13-Aug-2026 11:06:20 America/Sao_Paulo] PHP Warning:  Undefined array key "logo_empresa" in C:\xampp\htdocs\ativisoft_1_0\ativisoft_2_0\pages\md_fornecedor\consultar_cliente_comercial.php on line 31
[13-Aug-2026 11:06:20 America/Sao_Paulo] PHP Warning:  Undefined array key "cd_cliente" in C:\xampp\htdocs\ativisoft_1_0\ativisoft_2_0\pages\md_fornecedor\consultar_cliente_comercial.php on line 281
[13-Aug-2026 11:06:20 America/Sao_Paulo] PHP Warning:  Undefined array key "pnome_cliente" in C:\xampp\htdocs\ativisoft_1_0\ativisoft_2_0\pages\md_fornecedor\consultar_cliente_comercial.php on line 283
[13-Aug-2026 11:06:20 America/Sao_Paulo] PHP Warning:  Undefined array key "snome_cliente" in C:\xampp\htdocs\ativisoft_1_0\ativisoft_2_0\pages\md_fornecedor\consultar_cliente_comercial.php on line 285
[13-Aug-2026 11:06:20 America/Sao_Paulo] PHP Warning:  Undefined array key "tel_cliente" in C:\xampp\htdocs\ativisoft_1_0\ativisoft_2_0\pages\md_fornecedor\consultar_cliente_comercial.php on line 287
[13-Aug-2026 11:06:20 America/Sao_Paulo] PHP Warning:  Undefined array key "cd_cliente" in C:\xampp\htdocs\ativisoft_1_0\ativisoft_2_0\pages\md_fornecedor\consultar_cliente_comercial.php on line 288
[13-Aug-2026 11:06:20 America/Sao_Paulo] PHP Warning:  Undefined array key "pnome_cliente" in C:\xampp\htdocs\ativisoft_1_0\ativisoft_2_0\pages\md_fornecedor\consultar_cliente_comercial.php on line 289
[13-Aug-2026 11:06:20 America/Sao_Paulo] PHP Warning:  Undefined array key "snome_cliente" in C:\xampp\htdocs\ativisoft_1_0\ativisoft_2_0\pages\md_fornecedor\consultar_cliente_comercial.php on line 290
[13-Aug-2026 11:06:20 America/Sao_Paulo] PHP Warning:  Undefined array key "tel_cliente" in C:\xampp\htdocs\ativisoft_1_0\ativisoft_2_0\pages\md_fornecedor\consultar_cliente_comercial.php on line 291
[13-Aug-2026 11:06:20 America/Sao_Paulo] PHP Warning:  Undefined array key "cd_servico" in C:\xampp\htdocs\ativisoft_1_0\ativisoft_2_0\pages\md_fornecedor\consultar_cliente_comercial.php on line 294
[13-Aug-2026 11:06:20 America/Sao_Paulo] PHP Warning:  Undefined array key "obs_con_servico" in C:\xampp\htdocs\ativisoft_1_0\ativisoft_2_0\pages\md_fornecedor\consultar_cliente_comercial.php on line 296
[13-Aug-2026 11:06:20 America/Sao_Paulo] PHP Warning:  Undefined array key "prioridade_servico" in C:\xampp\htdocs\ativisoft_1_0\ativisoft_2_0\pages\md_fornecedor\consultar_cliente_comercial.php on line 299
[13-Aug-2026 11:06:20 America/Sao_Paulo] PHP Warning:  Undefined array key "prioridade_servico" in C:\xampp\htdocs\ativisoft_1_0\ativisoft_2_0\pages\md_fornecedor\consultar_cliente_comercial.php on line 299
[13-Aug-2026 11:06:20 America/Sao_Paulo] PHP Warning:  Undefined array key "entrada_servico" in C:\xampp\htdocs\ativisoft_1_0\ativisoft_2_0\pages\md_fornecedor\consultar_cliente_comercial.php on line 302
[13-Aug-2026 11:06:20 America/Sao_Paulo] PHP Warning:  Undefined array key "prazo_servico" in C:\xampp\htdocs\ativisoft_1_0\ativisoft_2_0\pages\md_fornecedor\consultar_cliente_comercial.php on line 304
[13-Aug-2026 11:06:20 America/Sao_Paulo] PHP Warning:  Undefined array key "cd_servico" in C:\xampp\htdocs\ativisoft_1_0\ativisoft_2_0\pages\md_fornecedor\consultar_cliente_comercial.php on line 307
[13-Aug-2026 11:06:20 America/Sao_Paulo] PHP Warning:  Undefined array key "obs_con_servico" in C:\xampp\htdocs\ativisoft_1_0\ativisoft_2_0\pages\md_fornecedor\consultar_cliente_comercial.php on line 308
[13-Aug-2026 11:06:20 America/Sao_Paulo] PHP Warning:  Undefined array key "prioridade_servico" in C:\xampp\htdocs\ativisoft_1_0\ativisoft_2_0\pages\md_fornecedor\consultar_cliente_comercial.php on line 309
[13-Aug-2026 11:06:20 America/Sao_Paulo] PHP Warning:  Undefined array key "entrada_servico" in C:\xampp\htdocs\ativisoft_1_0\ativisoft_2_0\pages\md_fornecedor\consultar_cliente_comercial.php on line 310
[13-Aug-2026 11:06:20 America/Sao_Paulo] PHP Warning:  Undefined array key "prazo_servico" in C:\xampp\htdocs\ativisoft_1_0\ativisoft_2_0\pages\md_fornecedor\consultar_cliente_comercial.php on line 311
[13-Aug-2026 11:06:20 America/Sao_Paulo] PHP Warning:  Undefined array key "vpag_servico" in C:\xampp\htdocs\ativisoft_1_0\ativisoft_2_0\pages\md_fornecedor\consultar_cliente_comercial.php on line 316
[13-Aug-2026 11:06:20 America/Sao_Paulo] PHP Warning:  Undefined array key "cd_servico" in C:\xampp\htdocs\ativisoft_1_0\ativisoft_2_0\pages\md_fornecedor\consultar_cliente_comercial.php on line 465
[13-Aug-2026 11:11:18 America/Sao_Paulo] PHP Warning:  Undefined array key "logo_empresa" in C:\xampp\htdocs\ativisoft_1_0\ativisoft_2_0\pages\md_fornecedor\cadastrar_cliente_comercial.php on line 34
[13-Aug-2026 11:11:23 America/Sao_Paulo] PHP Warning:  "continue" targeting switch is equivalent to "break". Did you mean to use "continue 2"? in C:\xampp\htdocs\ativisoft_1_0\ativisoft_2_0\pages\md_fornecedor\financeiro.php on line 90
[13-Aug-2026 11:11:23 America/Sao_Paulo] PHP Warning:  Undefined array key "titulo_acesso" in C:\xampp\htdocs\ativisoft_1_0\ativisoft_2_0\pages\dashboard\index.php on line 451
[13-Aug-2026 11:20:55 America/Sao_Paulo] PHP Warning:  "continue" targeting switch is equivalent to "break". Did you mean to use "continue 2"? in C:\xampp\htdocs\ativisoft_1_0\ativisoft_2_0\pages\md_fornecedor\financeiro.php on line 90
[13-Aug-2026 11:20:55 America/Sao_Paulo] PHP Warning:  Undefined array key "titulo_acesso" in C:\xampp\htdocs\ativisoft_1_0\ativisoft_2_0\pages\dashboard\index.php on line 451
[13-Aug-2026 11:21:17 America/Sao_Paulo] PHP Warning:  Undefined array key "logo_empresa" in C:\xampp\htdocs\ativisoft_1_0\ativisoft_2_0\pages\md_fornecedor\cadastrar_cliente_comercial.php on line 34
[13-Aug-2026 11:21:26 America/Sao_Paulo] PHP Warning:  Undefined array key "logo_empresa" in C:\xampp\htdocs\ativisoft_1_0\ativisoft_2_0\pages\md_fornecedor\cadastrar_cliente_comercial.php on line 34
[13-Aug-2026 11:21:28 America/Sao_Paulo] PHP Warning:  Cannot modify header information - headers already sent by (output started at C:\xampp\htdocs\ativisoft_1_0\ativisoft_2_0\pages\samples\login.php:70) in C:\xampp\htdocs\ativisoft_1_0\ativisoft_2_0\classes\conn.php on line 43
[13-Aug-2026 11:21:28 America/Sao_Paulo] PHP Warning:  "continue" targeting switch is equivalent to "break". Did you mean to use "continue 2"? in C:\xampp\htdocs\ativisoft_1_0\ativisoft_2_0\pages\md_fornecedor\financeiro.php on line 90
[13-Aug-2026 11:21:28 America/Sao_Paulo] PHP Warning:  Undefined array key "titulo_acesso" in C:\xampp\htdocs\ativisoft_1_0\ativisoft_2_0\pages\dashboard\index.php on line 451
[13-Aug-2026 11:21:46 America/Sao_Paulo] PHP Warning:  Undefined array key "logo_empresa" in C:\xampp\htdocs\ativisoft_1_0\ativisoft_2_0\pages\md_fornecedor\cadastrar_cliente_comercial.php on line 34
[13-Aug-2026 11:21:46 America/Sao_Paulo] PHP Warning:  Undefined array key "concnpj_cliente_comercial" in C:\xampp\htdocs\ativisoft_1_0\ativisoft_2_0\pages\md_fornecedor\cadastrar_cliente_comercial.php on line 411
[13-Aug-2026 11:22:09 America/Sao_Paulo] PHP Warning:  Undefined array key "logo_empresa" in C:\xampp\htdocs\ativisoft_1_0\ativisoft_2_0\pages\md_fornecedor\cadastrar_cliente_comercial.php on line 34
[13-Aug-2026 11:22:09 America/Sao_Paulo] PHP Warning:  Undefined array key "concnpj_cliente_comercial" in C:\xampp\htdocs\ativisoft_1_0\ativisoft_2_0\pages\md_fornecedor\cadastrar_cliente_comercial.php on line 411
[13-Aug-2026 11:22:31 America/Sao_Paulo] PHP Warning:  Undefined array key "logo_empresa" in C:\xampp\htdocs\ativisoft_1_0\ativisoft_2_0\pages\md_fornecedor\cadastrar_cliente_comercial.php on line 34
[13-Aug-2026 11:22:31 America/Sao_Paulo] PHP Warning:  Undefined array key "concnpj_cliente_comercial" in C:\xampp\htdocs\ativisoft_1_0\ativisoft_2_0\pages\md_fornecedor\cadastrar_cliente_comercial.php on line 411
[13-Aug-2026 11:22:46 America/Sao_Paulo] PHP Warning:  Undefined array key "logo_empresa" in C:\xampp\htdocs\ativisoft_1_0\ativisoft_2_0\pages\md_fornecedor\cadastrar_cliente_comercial.php on line 34
[13-Aug-2026 11:22:46 America/Sao_Paulo] PHP Warning:  Undefined array key "concnpj_cliente_comercial" in C:\xampp\htdocs\ativisoft_1_0\ativisoft_2_0\pages\md_fornecedor\cadastrar_cliente_comercial.php on line 411
[13-Aug-2026 11:22:51 America/Sao_Paulo] PHP Warning:  Undefined array key "logo_empresa" in C:\xampp\htdocs\ativisoft_1_0\ativisoft_2_0\pages\md_fornecedor\consultar_cliente_comercial.php on line 31
[13-Aug-2026 11:22:51 America/Sao_Paulo] PHP Warning:  Undefined array key "concnpj_cliente_comercial" in C:\xampp\htdocs\ativisoft_1_0\ativisoft_2_0\pages\md_fornecedor\consultar_cliente_comercial.php on line 93
[13-Aug-2026 11:22:51 America/Sao_Paulo] PHP Warning:  Undefined array key "concnpj_cliente_comercial" in C:\xampp\htdocs\ativisoft_1_0\ativisoft_2_0\pages\md_fornecedor\consultar_cliente_comercial.php on line 217
[13-Aug-2026 11:22:51 America/Sao_Paulo] PHP Warning:  Undefined array key "cd_servico" in C:\xampp\htdocs\ativisoft_1_0\ativisoft_2_0\pages\md_fornecedor\consultar_cliente_comercial.php on line 465
[13-Aug-2026 11:22:53 America/Sao_Paulo] PHP Warning:  Undefined array key "logo_empresa" in C:\xampp\htdocs\ativisoft_1_0\ativisoft_2_0\pages\md_fornecedor\listar_cliente_comercial.php on line 56
[13-Aug-2026 11:22:56 America/Sao_Paulo] PHP Warning:  Undefined array key "logo_empresa" in C:\xampp\htdocs\ativisoft_1_0\ativisoft_2_0\pages\md_fornecedor\consultar_cliente_comercial.php on line 31
[13-Aug-2026 11:22:56 America/Sao_Paulo] PHP Warning:  Undefined array key "cd_cliente" in C:\xampp\htdocs\ativisoft_1_0\ativisoft_2_0\pages\md_fornecedor\consultar_cliente_comercial.php on line 281
[13-Aug-2026 11:22:56 America/Sao_Paulo] PHP Warning:  Undefined array key "pnome_cliente" in C:\xampp\htdocs\ativisoft_1_0\ativisoft_2_0\pages\md_fornecedor\consultar_cliente_comercial.php on line 283
[13-Aug-2026 11:22:56 America/Sao_Paulo] PHP Warning:  Undefined array key "snome_cliente" in C:\xampp\htdocs\ativisoft_1_0\ativisoft_2_0\pages\md_fornecedor\consultar_cliente_comercial.php on line 285
[13-Aug-2026 11:22:56 America/Sao_Paulo] PHP Warning:  Undefined array key "tel_cliente" in C:\xampp\htdocs\ativisoft_1_0\ativisoft_2_0\pages\md_fornecedor\consultar_cliente_comercial.php on line 287
[13-Aug-2026 11:22:56 America/Sao_Paulo] PHP Warning:  Undefined array key "cd_cliente" in C:\xampp\htdocs\ativisoft_1_0\ativisoft_2_0\pages\md_fornecedor\consultar_cliente_comercial.php on line 288
[13-Aug-2026 11:22:56 America/Sao_Paulo] PHP Warning:  Undefined array key "pnome_cliente" in C:\xampp\htdocs\ativisoft_1_0\ativisoft_2_0\pages\md_fornecedor\consultar_cliente_comercial.php on line 289
[13-Aug-2026 11:22:56 America/Sao_Paulo] PHP Warning:  Undefined array key "snome_cliente" in C:\xampp\htdocs\ativisoft_1_0\ativisoft_2_0\pages\md_fornecedor\consultar_cliente_comercial.php on line 290
[13-Aug-2026 11:22:56 America/Sao_Paulo] PHP Warning:  Undefined array key "tel_cliente" in C:\xampp\htdocs\ativisoft_1_0\ativisoft_2_0\pages\md_fornecedor\consultar_cliente_comercial.php on line 291
[13-Aug-2026 11:22:56 America/Sao_Paulo] PHP Warning:  Undefined array key "cd_servico" in C:\xampp\htdocs\ativisoft_1_0\ativisoft_2_0\pages\md_fornecedor\consultar_cliente_comercial.php on line 294
[13-Aug-2026 11:22:56 America/Sao_Paulo] PHP Warning:  Undefined array key "obs_con_servico" in C:\xampp\htdocs\ativisoft_1_0\ativisoft_2_0\pages\md_fornecedor\consultar_cliente_comercial.php on line 296
[13-Aug-2026 11:22:56 America/Sao_Paulo] PHP Warning:  Undefined array key "prioridade_servico" in C:\xampp\htdocs\ativisoft_1_0\ativisoft_2_0\pages\md_fornecedor\consultar_cliente_comercial.php on line 299
[13-Aug-2026 11:22:56 America/Sao_Paulo] PHP Warning:  Undefined array key "prioridade_servico" in C:\xampp\htdocs\ativisoft_1_0\ativisoft_2_0\pages\md_fornecedor\consultar_cliente_comercial.php on line 299
[13-Aug-2026 11:22:56 America/Sao_Paulo] PHP Warning:  Undefined array key "entrada_servico" in C:\xampp\htdocs\ativisoft_1_0\ativisoft_2_0\pages\md_fornecedor\consultar_cliente_comercial.php on line 302
[13-Aug-2026 11:22:56 America/Sao_Paulo] PHP Warning:  Undefined array key "prazo_servico" in C:\xampp\htdocs\ativisoft_1_0\ativisoft_2_0\pages\md_fornecedor\consultar_cliente_comercial.php on line 304
[13-Aug-2026 11:22:56 America/Sao_Paulo] PHP Warning:  Undefined array key "cd_servico" in C:\xampp\htdocs\ativisoft_1_0\ativisoft_2_0\pages\md_fornecedor\consultar_cliente_comercial.php on line 307
[13-Aug-2026 11:22:56 America/Sao_Paulo] PHP Warning:  Undefined array key "obs_con_servico" in C:\xampp\htdocs\ativisoft_1_0\ativisoft_2_0\pages\md_fornecedor\consultar_cliente_comercial.php on line 308
[13-Aug-2026 11:22:56 America/Sao_Paulo] PHP Warning:  Undefined array key "prioridade_servico" in C:\xampp\htdocs\ativisoft_1_0\ativisoft_2_0\pages\md_fornecedor\consultar_cliente_comercial.php on line 309
[13-Aug-2026 11:22:56 America/Sao_Paulo] PHP Warning:  Undefined array key "entrada_servico" in C:\xampp\htdocs\ativisoft_1_0\ativisoft_2_0\pages\md_fornecedor\consultar_cliente_comercial.php on line 310
[13-Aug-2026 11:22:56 America/Sao_Paulo] PHP Warning:  Undefined array key "prazo_servico" in C:\xampp\htdocs\ativisoft_1_0\ativisoft_2_0\pages\md_fornecedor\consultar_cliente_comercial.php on line 311
[13-Aug-2026 11:22:56 America/Sao_Paulo] PHP Warning:  Undefined array key "vpag_servico" in C:\xampp\htdocs\ativisoft_1_0\ativisoft_2_0\pages\md_fornecedor\consultar_cliente_comercial.php on line 316
[13-Aug-2026 11:22:56 America/Sao_Paulo] PHP Warning:  Undefined array key "cd_servico" in C:\xampp\htdocs\ativisoft_1_0\ativisoft_2_0\pages\md_fornecedor\consultar_cliente_comercial.php on line 465
[13-Aug-2026 11:22:57 America/Sao_Paulo] PHP Warning:  Undefined array key "logo_empresa" in C:\xampp\htdocs\ativisoft_1_0\ativisoft_2_0\pages\md_fornecedor\cadastrar_cliente_comercial.php on line 34
[13-Aug-2026 11:22:57 America/Sao_Paulo] PHP Warning:  Trying to access array offset on value of type null in C:\xampp\htdocs\ativisoft_1_0\ativisoft_2_0\classes\functions.php on line 3003
[13-Aug-2026 11:22:57 America/Sao_Paulo] PHP Warning:  Trying to access array offset on value of type null in C:\xampp\htdocs\ativisoft_1_0\ativisoft_2_0\classes\functions.php on line 3004
[13-Aug-2026 11:22:57 America/Sao_Paulo] PHP Warning:  Undefined variable $cd_proprietario in C:\xampp\htdocs\ativisoft_1_0\ativisoft_2_0\classes\functions.php on line 2230
[13-Aug-2026 11:22:57 America/Sao_Paulo] PHP Warning:  Undefined array key "nome" in C:\xampp\htdocs\ativisoft_1_0\ativisoft_2_0\classes\functions.php on line 6054
[13-Aug-2026 11:22:57 America/Sao_Paulo] PHP Warning:  Undefined array key "telefone" in C:\xampp\htdocs\ativisoft_1_0\ativisoft_2_0\classes\functions.php on line 6055
[13-Aug-2026 11:22:57 America/Sao_Paulo] PHP Deprecated:  preg_replace(): Passing null to parameter #3 ($subject) of type array|string is deprecated in C:\xampp\htdocs\ativisoft_1_0\ativisoft_2_0\classes\functions.php on line 6055
[13-Aug-2026 11:23:11 America/Sao_Paulo] PHP Warning:  Undefined array key "logo_empresa" in C:\xampp\htdocs\ativisoft_1_0\ativisoft_2_0\pages\md_fornecedor\listar_cliente_comercial.php on line 56
[13-Aug-2026 11:23:16 America/Sao_Paulo] PHP Warning:  Undefined array key "logo_empresa" in C:\xampp\htdocs\ativisoft_1_0\ativisoft_2_0\pages\md_fornecedor\consultar_cliente_comercial.php on line 31
[13-Aug-2026 11:23:16 America/Sao_Paulo] PHP Warning:  Undefined array key "cd_cliente" in C:\xampp\htdocs\ativisoft_1_0\ativisoft_2_0\pages\md_fornecedor\consultar_cliente_comercial.php on line 281
[13-Aug-2026 11:23:16 America/Sao_Paulo] PHP Warning:  Undefined array key "pnome_cliente" in C:\xampp\htdocs\ativisoft_1_0\ativisoft_2_0\pages\md_fornecedor\consultar_cliente_comercial.php on line 283
[13-Aug-2026 11:23:16 America/Sao_Paulo] PHP Warning:  Undefined array key "snome_cliente" in C:\xampp\htdocs\ativisoft_1_0\ativisoft_2_0\pages\md_fornecedor\consultar_cliente_comercial.php on line 285
[13-Aug-2026 11:23:16 America/Sao_Paulo] PHP Warning:  Undefined array key "tel_cliente" in C:\xampp\htdocs\ativisoft_1_0\ativisoft_2_0\pages\md_fornecedor\consultar_cliente_comercial.php on line 287
[13-Aug-2026 11:23:16 America/Sao_Paulo] PHP Warning:  Undefined array key "cd_cliente" in C:\xampp\htdocs\ativisoft_1_0\ativisoft_2_0\pages\md_fornecedor\consultar_cliente_comercial.php on line 288
[13-Aug-2026 11:23:16 America/Sao_Paulo] PHP Warning:  Undefined array key "pnome_cliente" in C:\xampp\htdocs\ativisoft_1_0\ativisoft_2_0\pages\md_fornecedor\consultar_cliente_comercial.php on line 289
[13-Aug-2026 11:23:16 America/Sao_Paulo] PHP Warning:  Undefined array key "snome_cliente" in C:\xampp\htdocs\ativisoft_1_0\ativisoft_2_0\pages\md_fornecedor\consultar_cliente_comercial.php on line 290
[13-Aug-2026 11:23:16 America/Sao_Paulo] PHP Warning:  Undefined array key "tel_cliente" in C:\xampp\htdocs\ativisoft_1_0\ativisoft_2_0\pages\md_fornecedor\consultar_cliente_comercial.php on line 291
[13-Aug-2026 11:23:16 America/Sao_Paulo] PHP Warning:  Undefined array key "cd_servico" in C:\xampp\htdocs\ativisoft_1_0\ativisoft_2_0\pages\md_fornecedor\consultar_cliente_comercial.php on line 294
[13-Aug-2026 11:23:16 America/Sao_Paulo] PHP Warning:  Undefined array key "obs_con_servico" in C:\xampp\htdocs\ativisoft_1_0\ativisoft_2_0\pages\md_fornecedor\consultar_cliente_comercial.php on line 296
[13-Aug-2026 11:23:16 America/Sao_Paulo] PHP Warning:  Undefined array key "prioridade_servico" in C:\xampp\htdocs\ativisoft_1_0\ativisoft_2_0\pages\md_fornecedor\consultar_cliente_comercial.php on line 299
[13-Aug-2026 11:23:16 America/Sao_Paulo] PHP Warning:  Undefined array key "prioridade_servico" in C:\xampp\htdocs\ativisoft_1_0\ativisoft_2_0\pages\md_fornecedor\consultar_cliente_comercial.php on line 299
[13-Aug-2026 11:23:16 America/Sao_Paulo] PHP Warning:  Undefined array key "entrada_servico" in C:\xampp\htdocs\ativisoft_1_0\ativisoft_2_0\pages\md_fornecedor\consultar_cliente_comercial.php on line 302
[13-Aug-2026 11:23:16 America/Sao_Paulo] PHP Warning:  Undefined array key "prazo_servico" in C:\xampp\htdocs\ativisoft_1_0\ativisoft_2_0\pages\md_fornecedor\consultar_cliente_comercial.php on line 304
[13-Aug-2026 11:23:16 America/Sao_Paulo] PHP Warning:  Undefined array key "cd_servico" in C:\xampp\htdocs\ativisoft_1_0\ativisoft_2_0\pages\md_fornecedor\consultar_cliente_comercial.php on line 307
[13-Aug-2026 11:23:16 America/Sao_Paulo] PHP Warning:  Undefined array key "obs_con_servico" in C:\xampp\htdocs\ativisoft_1_0\ativisoft_2_0\pages\md_fornecedor\consultar_cliente_comercial.php on line 308
[13-Aug-2026 11:23:16 America/Sao_Paulo] PHP Warning:  Undefined array key "prioridade_servico" in C:\xampp\htdocs\ativisoft_1_0\ativisoft_2_0\pages\md_fornecedor\consultar_cliente_comercial.php on line 309
[13-Aug-2026 11:23:16 America/Sao_Paulo] PHP Warning:  Undefined array key "entrada_servico" in C:\xampp\htdocs\ativisoft_1_0\ativisoft_2_0\pages\md_fornecedor\consultar_cliente_comercial.php on line 310
[13-Aug-2026 11:23:16 America/Sao_Paulo] PHP Warning:  Undefined array key "prazo_servico" in C:\xampp\htdocs\ativisoft_1_0\ativisoft_2_0\pages\md_fornecedor\consultar_cliente_comercial.php on line 311
[13-Aug-2026 11:23:16 America/Sao_Paulo] PHP Warning:  Undefined array key "vpag_servico" in C:\xampp\htdocs\ativisoft_1_0\ativisoft_2_0\pages\md_fornecedor\consultar_cliente_comercial.php on line 316
[13-Aug-2026 11:23:16 America/Sao_Paulo] PHP Warning:  Undefined array key "cd_servico" in C:\xampp\htdocs\ativisoft_1_0\ativisoft_2_0\pages\md_fornecedor\consultar_cliente_comercial.php on line 465
[13-Aug-2026 11:23:17 America/Sao_Paulo] PHP Warning:  Undefined array key "logo_empresa" in C:\xampp\htdocs\ativisoft_1_0\ativisoft_2_0\pages\md_fornecedor\cadastrar_cliente_comercial.php on line 34
[13-Aug-2026 11:23:17 America/Sao_Paulo] PHP Warning:  Trying to access array offset on value of type null in C:\xampp\htdocs\ativisoft_1_0\ativisoft_2_0\classes\functions.php on line 3003
[13-Aug-2026 11:23:17 America/Sao_Paulo] PHP Warning:  Trying to access array offset on value of type null in C:\xampp\htdocs\ativisoft_1_0\ativisoft_2_0\classes\functions.php on line 3004
[13-Aug-2026 11:23:17 America/Sao_Paulo] PHP Warning:  Undefined variable $cd_proprietario in C:\xampp\htdocs\ativisoft_1_0\ativisoft_2_0\classes\functions.php on line 2230
[13-Aug-2026 11:23:17 America/Sao_Paulo] PHP Warning:  Undefined array key "nome" in C:\xampp\htdocs\ativisoft_1_0\ativisoft_2_0\classes\functions.php on line 6054
[13-Aug-2026 11:23:17 America/Sao_Paulo] PHP Warning:  Undefined array key "telefone" in C:\xampp\htdocs\ativisoft_1_0\ativisoft_2_0\classes\functions.php on line 6055
[13-Aug-2026 11:23:17 America/Sao_Paulo] PHP Deprecated:  preg_replace(): Passing null to parameter #3 ($subject) of type array|string is deprecated in C:\xampp\htdocs\ativisoft_1_0\ativisoft_2_0\classes\functions.php on line 6055
[13-Aug-2026 11:33:05 America/Sao_Paulo] PHP Warning:  Undefined array key "logo_empresa" in C:\xampp\htdocs\ativisoft_1_0\ativisoft_2_0\pages\md_fornecedor\cadastrar_cliente_comercial.php on line 34
[13-Aug-2026 11:33:05 America/Sao_Paulo] PHP Warning:  Trying to access array offset on value of type null in C:\xampp\htdocs\ativisoft_1_0\ativisoft_2_0\classes\functions.php on line 3003
[13-Aug-2026 11:33:05 America/Sao_Paulo] PHP Warning:  Trying to access array offset on value of type null in C:\xampp\htdocs\ativisoft_1_0\ativisoft_2_0\classes\functions.php on line 3004
[13-Aug-2026 11:33:05 America/Sao_Paulo] PHP Warning:  Undefined variable $cd_proprietario in C:\xampp\htdocs\ativisoft_1_0\ativisoft_2_0\classes\functions.php on line 2230
[13-Aug-2026 11:33:05 America/Sao_Paulo] PHP Warning:  Undefined array key "nome" in C:\xampp\htdocs\ativisoft_1_0\ativisoft_2_0\classes\functions.php on line 6054
[13-Aug-2026 11:33:05 America/Sao_Paulo] PHP Warning:  Undefined array key "telefone" in C:\xampp\htdocs\ativisoft_1_0\ativisoft_2_0\classes\functions.php on line 6055
[13-Aug-2026 11:33:05 America/Sao_Paulo] PHP Deprecated:  preg_replace(): Passing null to parameter #3 ($subject) of type array|string is deprecated in C:\xampp\htdocs\ativisoft_1_0\ativisoft_2_0\classes\functions.php on line 6055
[13-Aug-2026 11:33:09 America/Sao_Paulo] PHP Warning:  Undefined array key "logo_empresa" in C:\xampp\htdocs\ativisoft_1_0\ativisoft_2_0\pages\md_fornecedor\listar_cliente_comercial.php on line 56
[13-Aug-2026 11:33:18 America/Sao_Paulo] PHP Warning:  Undefined array key "logo_empresa" in C:\xampp\htdocs\ativisoft_1_0\ativisoft_2_0\pages\md_fornecedor\consultar_cliente_comercial.php on line 31
[13-Aug-2026 11:33:18 America/Sao_Paulo] PHP Warning:  Undefined array key "cd_cliente" in C:\xampp\htdocs\ativisoft_1_0\ativisoft_2_0\pages\md_fornecedor\consultar_cliente_comercial.php on line 281
[13-Aug-2026 11:33:18 America/Sao_Paulo] PHP Warning:  Undefined array key "pnome_cliente" in C:\xampp\htdocs\ativisoft_1_0\ativisoft_2_0\pages\md_fornecedor\consultar_cliente_comercial.php on line 283
[13-Aug-2026 11:33:18 America/Sao_Paulo] PHP Warning:  Undefined array key "snome_cliente" in C:\xampp\htdocs\ativisoft_1_0\ativisoft_2_0\pages\md_fornecedor\consultar_cliente_comercial.php on line 285
[13-Aug-2026 11:33:18 America/Sao_Paulo] PHP Warning:  Undefined array key "tel_cliente" in C:\xampp\htdocs\ativisoft_1_0\ativisoft_2_0\pages\md_fornecedor\consultar_cliente_comercial.php on line 287
[13-Aug-2026 11:33:18 America/Sao_Paulo] PHP Warning:  Undefined array key "cd_cliente" in C:\xampp\htdocs\ativisoft_1_0\ativisoft_2_0\pages\md_fornecedor\consultar_cliente_comercial.php on line 288
[13-Aug-2026 11:33:18 America/Sao_Paulo] PHP Warning:  Undefined array key "pnome_cliente" in C:\xampp\htdocs\ativisoft_1_0\ativisoft_2_0\pages\md_fornecedor\consultar_cliente_comercial.php on line 289
[13-Aug-2026 11:33:18 America/Sao_Paulo] PHP Warning:  Undefined array key "snome_cliente" in C:\xampp\htdocs\ativisoft_1_0\ativisoft_2_0\pages\md_fornecedor\consultar_cliente_comercial.php on line 290
[13-Aug-2026 11:33:18 America/Sao_Paulo] PHP Warning:  Undefined array key "tel_cliente" in C:\xampp\htdocs\ativisoft_1_0\ativisoft_2_0\pages\md_fornecedor\consultar_cliente_comercial.php on line 291
[13-Aug-2026 11:33:18 America/Sao_Paulo] PHP Warning:  Undefined array key "cd_servico" in C:\xampp\htdocs\ativisoft_1_0\ativisoft_2_0\pages\md_fornecedor\consultar_cliente_comercial.php on line 294
[13-Aug-2026 11:33:18 America/Sao_Paulo] PHP Warning:  Undefined array key "obs_con_servico" in C:\xampp\htdocs\ativisoft_1_0\ativisoft_2_0\pages\md_fornecedor\consultar_cliente_comercial.php on line 296
[13-Aug-2026 11:33:18 America/Sao_Paulo] PHP Warning:  Undefined array key "prioridade_servico" in C:\xampp\htdocs\ativisoft_1_0\ativisoft_2_0\pages\md_fornecedor\consultar_cliente_comercial.php on line 299
[13-Aug-2026 11:33:18 America/Sao_Paulo] PHP Warning:  Undefined array key "prioridade_servico" in C:\xampp\htdocs\ativisoft_1_0\ativisoft_2_0\pages\md_fornecedor\consultar_cliente_comercial.php on line 299
[13-Aug-2026 11:33:18 America/Sao_Paulo] PHP Warning:  Undefined array key "entrada_servico" in C:\xampp\htdocs\ativisoft_1_0\ativisoft_2_0\pages\md_fornecedor\consultar_cliente_comercial.php on line 302
[13-Aug-2026 11:33:18 America/Sao_Paulo] PHP Warning:  Undefined array key "prazo_servico" in C:\xampp\htdocs\ativisoft_1_0\ativisoft_2_0\pages\md_fornecedor\consultar_cliente_comercial.php on line 304
[13-Aug-2026 11:33:18 America/Sao_Paulo] PHP Warning:  Undefined array key "cd_servico" in C:\xampp\htdocs\ativisoft_1_0\ativisoft_2_0\pages\md_fornecedor\consultar_cliente_comercial.php on line 307
[13-Aug-2026 11:33:18 America/Sao_Paulo] PHP Warning:  Undefined array key "obs_con_servico" in C:\xampp\htdocs\ativisoft_1_0\ativisoft_2_0\pages\md_fornecedor\consultar_cliente_comercial.php on line 308
[13-Aug-2026 11:33:18 America/Sao_Paulo] PHP Warning:  Undefined array key "prioridade_servico" in C:\xampp\htdocs\ativisoft_1_0\ativisoft_2_0\pages\md_fornecedor\consultar_cliente_comercial.php on line 309
[13-Aug-2026 11:33:18 America/Sao_Paulo] PHP Warning:  Undefined array key "entrada_servico" in C:\xampp\htdocs\ativisoft_1_0\ativisoft_2_0\pages\md_fornecedor\consultar_cliente_comercial.php on line 310
[13-Aug-2026 11:33:18 America/Sao_Paulo] PHP Warning:  Undefined array key "prazo_servico" in C:\xampp\htdocs\ativisoft_1_0\ativisoft_2_0\pages\md_fornecedor\consultar_cliente_comercial.php on line 311
[13-Aug-2026 11:33:18 America/Sao_Paulo] PHP Warning:  Undefined array key "vpag_servico" in C:\xampp\htdocs\ativisoft_1_0\ativisoft_2_0\pages\md_fornecedor\consultar_cliente_comercial.php on line 316
[13-Aug-2026 11:33:18 America/Sao_Paulo] PHP Warning:  Undefined array key "cd_servico" in C:\xampp\htdocs\ativisoft_1_0\ativisoft_2_0\pages\md_fornecedor\consultar_cliente_comercial.php on line 465
[13-Aug-2026 11:33:19 America/Sao_Paulo] PHP Warning:  Undefined array key "logo_empresa" in C:\xampp\htdocs\ativisoft_1_0\ativisoft_2_0\pages\md_fornecedor\cadastrar_cliente_comercial.php on line 34
[13-Aug-2026 11:33:25 America/Sao_Paulo] PHP Warning:  Undefined array key "logo_empresa" in C:\xampp\htdocs\ativisoft_1_0\ativisoft_2_0\pages\md_fornecedor\listar_cliente_comercial.php on line 56
[13-Aug-2026 11:33:27 America/Sao_Paulo] PHP Warning:  Undefined array key "logo_empresa" in C:\xampp\htdocs\ativisoft_1_0\ativisoft_2_0\pages\md_fornecedor\consultar_cliente_comercial.php on line 31
[13-Aug-2026 11:33:27 America/Sao_Paulo] PHP Warning:  Undefined array key "cd_cliente" in C:\xampp\htdocs\ativisoft_1_0\ativisoft_2_0\pages\md_fornecedor\consultar_cliente_comercial.php on line 281
[13-Aug-2026 11:33:27 America/Sao_Paulo] PHP Warning:  Undefined array key "pnome_cliente" in C:\xampp\htdocs\ativisoft_1_0\ativisoft_2_0\pages\md_fornecedor\consultar_cliente_comercial.php on line 283
[13-Aug-2026 11:33:27 America/Sao_Paulo] PHP Warning:  Undefined array key "snome_cliente" in C:\xampp\htdocs\ativisoft_1_0\ativisoft_2_0\pages\md_fornecedor\consultar_cliente_comercial.php on line 285
[13-Aug-2026 11:33:27 America/Sao_Paulo] PHP Warning:  Undefined array key "tel_cliente" in C:\xampp\htdocs\ativisoft_1_0\ativisoft_2_0\pages\md_fornecedor\consultar_cliente_comercial.php on line 287
[13-Aug-2026 11:33:27 America/Sao_Paulo] PHP Warning:  Undefined array key "cd_cliente" in C:\xampp\htdocs\ativisoft_1_0\ativisoft_2_0\pages\md_fornecedor\consultar_cliente_comercial.php on line 288
[13-Aug-2026 11:33:27 America/Sao_Paulo] PHP Warning:  Undefined array key "pnome_cliente" in C:\xampp\htdocs\ativisoft_1_0\ativisoft_2_0\pages\md_fornecedor\consultar_cliente_comercial.php on line 289
[13-Aug-2026 11:33:27 America/Sao_Paulo] PHP Warning:  Undefined array key "snome_cliente" in C:\xampp\htdocs\ativisoft_1_0\ativisoft_2_0\pages\md_fornecedor\consultar_cliente_comercial.php on line 290
[13-Aug-2026 11:33:27 America/Sao_Paulo] PHP Warning:  Undefined array key "tel_cliente" in C:\xampp\htdocs\ativisoft_1_0\ativisoft_2_0\pages\md_fornecedor\consultar_cliente_comercial.php on line 291
[13-Aug-2026 11:33:27 America/Sao_Paulo] PHP Warning:  Undefined array key "cd_servico" in C:\xampp\htdocs\ativisoft_1_0\ativisoft_2_0\pages\md_fornecedor\consultar_cliente_comercial.php on line 294
[13-Aug-2026 11:33:27 America/Sao_Paulo] PHP Warning:  Undefined array key "obs_con_servico" in C:\xampp\htdocs\ativisoft_1_0\ativisoft_2_0\pages\md_fornecedor\consultar_cliente_comercial.php on line 296
[13-Aug-2026 11:33:27 America/Sao_Paulo] PHP Warning:  Undefined array key "prioridade_servico" in C:\xampp\htdocs\ativisoft_1_0\ativisoft_2_0\pages\md_fornecedor\consultar_cliente_comercial.php on line 299
[13-Aug-2026 11:33:27 America/Sao_Paulo] PHP Warning:  Undefined array key "prioridade_servico" in C:\xampp\htdocs\ativisoft_1_0\ativisoft_2_0\pages\md_fornecedor\consultar_cliente_comercial.php on line 299
[13-Aug-2026 11:33:27 America/Sao_Paulo] PHP Warning:  Undefined array key "entrada_servico" in C:\xampp\htdocs\ativisoft_1_0\ativisoft_2_0\pages\md_fornecedor\consultar_cliente_comercial.php on line 302
[13-Aug-2026 11:33:27 America/Sao_Paulo] PHP Warning:  Undefined array key "prazo_servico" in C:\xampp\htdocs\ativisoft_1_0\ativisoft_2_0\pages\md_fornecedor\consultar_cliente_comercial.php on line 304
[13-Aug-2026 11:33:27 America/Sao_Paulo] PHP Warning:  Undefined array key "cd_servico" in C:\xampp\htdocs\ativisoft_1_0\ativisoft_2_0\pages\md_fornecedor\consultar_cliente_comercial.php on line 307
[13-Aug-2026 11:33:27 America/Sao_Paulo] PHP Warning:  Undefined array key "obs_con_servico" in C:\xampp\htdocs\ativisoft_1_0\ativisoft_2_0\pages\md_fornecedor\consultar_cliente_comercial.php on line 308
[13-Aug-2026 11:33:27 America/Sao_Paulo] PHP Warning:  Undefined array key "prioridade_servico" in C:\xampp\htdocs\ativisoft_1_0\ativisoft_2_0\pages\md_fornecedor\consultar_cliente_comercial.php on line 309
[13-Aug-2026 11:33:27 America/Sao_Paulo] PHP Warning:  Undefined array key "entrada_servico" in C:\xampp\htdocs\ativisoft_1_0\ativisoft_2_0\pages\md_fornecedor\consultar_cliente_comercial.php on line 310
[13-Aug-2026 11:33:27 America/Sao_Paulo] PHP Warning:  Undefined array key "prazo_servico" in C:\xampp\htdocs\ativisoft_1_0\ativisoft_2_0\pages\md_fornecedor\consultar_cliente_comercial.php on line 311
[13-Aug-2026 11:33:27 America/Sao_Paulo] PHP Warning:  Undefined array key "vpag_servico" in C:\xampp\htdocs\ativisoft_1_0\ativisoft_2_0\pages\md_fornecedor\consultar_cliente_comercial.php on line 316
[13-Aug-2026 11:33:27 America/Sao_Paulo] PHP Warning:  Undefined array key "cd_servico" in C:\xampp\htdocs\ativisoft_1_0\ativisoft_2_0\pages\md_fornecedor\consultar_cliente_comercial.php on line 465
[13-Aug-2026 11:33:28 America/Sao_Paulo] PHP Warning:  Undefined array key "logo_empresa" in C:\xampp\htdocs\ativisoft_1_0\ativisoft_2_0\pages\md_fornecedor\cadastrar_cliente_comercial.php on line 34
[13-Aug-2026 11:33:28 America/Sao_Paulo] PHP Warning:  Trying to access array offset on value of type null in C:\xampp\htdocs\ativisoft_1_0\ativisoft_2_0\classes\functions.php on line 3003
[13-Aug-2026 11:33:28 America/Sao_Paulo] PHP Warning:  Trying to access array offset on value of type null in C:\xampp\htdocs\ativisoft_1_0\ativisoft_2_0\classes\functions.php on line 3004
[13-Aug-2026 11:33:28 America/Sao_Paulo] PHP Warning:  Undefined variable $cd_proprietario in C:\xampp\htdocs\ativisoft_1_0\ativisoft_2_0\classes\functions.php on line 2230
[13-Aug-2026 11:33:28 America/Sao_Paulo] PHP Warning:  Undefined array key "nome" in C:\xampp\htdocs\ativisoft_1_0\ativisoft_2_0\classes\functions.php on line 6054
[13-Aug-2026 11:33:28 America/Sao_Paulo] PHP Warning:  Undefined array key "telefone" in C:\xampp\htdocs\ativisoft_1_0\ativisoft_2_0\classes\functions.php on line 6055
[13-Aug-2026 11:33:28 America/Sao_Paulo] PHP Deprecated:  preg_replace(): Passing null to parameter #3 ($subject) of type array|string is deprecated in C:\xampp\htdocs\ativisoft_1_0\ativisoft_2_0\classes\functions.php on line 6055
[13-Aug-2026 11:45:24 America/Sao_Paulo] PHP Warning:  Undefined array key "logo_empresa" in C:\xampp\htdocs\ativisoft_1_0\ativisoft_2_0\pages\md_fornecedor\cadastrar_cliente_comercial.php on line 34
[13-Aug-2026 11:45:24 America/Sao_Paulo] PHP Warning:  Trying to access array offset on value of type null in C:\xampp\htdocs\ativisoft_1_0\ativisoft_2_0\classes\functions.php on line 3003
[13-Aug-2026 11:45:24 America/Sao_Paulo] PHP Warning:  Trying to access array offset on value of type null in C:\xampp\htdocs\ativisoft_1_0\ativisoft_2_0\classes\functions.php on line 3004
[13-Aug-2026 11:45:24 America/Sao_Paulo] PHP Warning:  Undefined variable $cd_proprietario in C:\xampp\htdocs\ativisoft_1_0\ativisoft_2_0\classes\functions.php on line 2230
[13-Aug-2026 11:45:24 America/Sao_Paulo] PHP Warning:  Undefined array key "nome" in C:\xampp\htdocs\ativisoft_1_0\ativisoft_2_0\classes\functions.php on line 6054
[13-Aug-2026 11:45:24 America/Sao_Paulo] PHP Warning:  Undefined array key "telefone" in C:\xampp\htdocs\ativisoft_1_0\ativisoft_2_0\classes\functions.php on line 6055
[13-Aug-2026 11:45:24 America/Sao_Paulo] PHP Deprecated:  preg_replace(): Passing null to parameter #3 ($subject) of type array|string is deprecated in C:\xampp\htdocs\ativisoft_1_0\ativisoft_2_0\classes\functions.php on line 6055
[13-Aug-2026 11:45:32 America/Sao_Paulo] PHP Warning:  Undefined array key "logo_empresa" in C:\xampp\htdocs\ativisoft_1_0\ativisoft_2_0\pages\md_fornecedor\cadastrar_cliente_comercial.php on line 34
[13-Aug-2026 11:45:32 America/Sao_Paulo] PHP Warning:  Trying to access array offset on value of type null in C:\xampp\htdocs\ativisoft_1_0\ativisoft_2_0\classes\functions.php on line 3003
[13-Aug-2026 11:45:32 America/Sao_Paulo] PHP Warning:  Trying to access array offset on value of type null in C:\xampp\htdocs\ativisoft_1_0\ativisoft_2_0\classes\functions.php on line 3004
[13-Aug-2026 11:45:32 America/Sao_Paulo] PHP Warning:  Undefined variable $cd_proprietario in C:\xampp\htdocs\ativisoft_1_0\ativisoft_2_0\classes\functions.php on line 2230
[13-Aug-2026 11:45:32 America/Sao_Paulo] PHP Warning:  Undefined array key "nome" in C:\xampp\htdocs\ativisoft_1_0\ativisoft_2_0\classes\functions.php on line 6054
[13-Aug-2026 11:45:32 America/Sao_Paulo] PHP Warning:  Undefined array key "telefone" in C:\xampp\htdocs\ativisoft_1_0\ativisoft_2_0\classes\functions.php on line 6055
[13-Aug-2026 11:45:32 America/Sao_Paulo] PHP Deprecated:  preg_replace(): Passing null to parameter #3 ($subject) of type array|string is deprecated in C:\xampp\htdocs\ativisoft_1_0\ativisoft_2_0\classes\functions.php on line 6055
[13-Aug-2026 11:45:38 America/Sao_Paulo] PHP Warning:  Undefined array key "logo_empresa" in C:\xampp\htdocs\ativisoft_1_0\ativisoft_2_0\pages\md_fornecedor\consultar_cliente_comercial.php on line 35
[13-Aug-2026 11:45:38 America/Sao_Paulo] PHP Warning:  Undefined array key "cd_servico" in C:\xampp\htdocs\ativisoft_1_0\ativisoft_2_0\pages\md_fornecedor\consultar_cliente_comercial.php on line 477
[13-Aug-2026 11:45:40 America/Sao_Paulo] PHP Warning:  Undefined array key "logo_empresa" in C:\xampp\htdocs\ativisoft_1_0\ativisoft_2_0\pages\md_fornecedor\listar_cliente_comercial.php on line 56
[13-Aug-2026 11:45:46 America/Sao_Paulo] PHP Warning:  Undefined array key "logo_empresa" in C:\xampp\htdocs\ativisoft_1_0\ativisoft_2_0\pages\md_fornecedor\consultar_cliente_comercial.php on line 35
[13-Aug-2026 11:45:46 America/Sao_Paulo] PHP Warning:  Undefined array key "cd_cliente" in C:\xampp\htdocs\ativisoft_1_0\ativisoft_2_0\pages\md_fornecedor\consultar_cliente_comercial.php on line 293
[13-Aug-2026 11:45:46 America/Sao_Paulo] PHP Warning:  Undefined array key "pnome_cliente" in C:\xampp\htdocs\ativisoft_1_0\ativisoft_2_0\pages\md_fornecedor\consultar_cliente_comercial.php on line 295
[13-Aug-2026 11:45:46 America/Sao_Paulo] PHP Warning:  Undefined array key "snome_cliente" in C:\xampp\htdocs\ativisoft_1_0\ativisoft_2_0\pages\md_fornecedor\consultar_cliente_comercial.php on line 297
[13-Aug-2026 11:45:46 America/Sao_Paulo] PHP Warning:  Undefined array key "tel_cliente" in C:\xampp\htdocs\ativisoft_1_0\ativisoft_2_0\pages\md_fornecedor\consultar_cliente_comercial.php on line 299
[13-Aug-2026 11:45:46 America/Sao_Paulo] PHP Warning:  Undefined array key "cd_cliente" in C:\xampp\htdocs\ativisoft_1_0\ativisoft_2_0\pages\md_fornecedor\consultar_cliente_comercial.php on line 300
[13-Aug-2026 11:45:46 America/Sao_Paulo] PHP Warning:  Undefined array key "pnome_cliente" in C:\xampp\htdocs\ativisoft_1_0\ativisoft_2_0\pages\md_fornecedor\consultar_cliente_comercial.php on line 301
[13-Aug-2026 11:45:46 America/Sao_Paulo] PHP Warning:  Undefined array key "snome_cliente" in C:\xampp\htdocs\ativisoft_1_0\ativisoft_2_0\pages\md_fornecedor\consultar_cliente_comercial.php on line 302
[13-Aug-2026 11:45:46 America/Sao_Paulo] PHP Warning:  Undefined array key "tel_cliente" in C:\xampp\htdocs\ativisoft_1_0\ativisoft_2_0\pages\md_fornecedor\consultar_cliente_comercial.php on line 303
[13-Aug-2026 11:45:46 America/Sao_Paulo] PHP Warning:  Undefined array key "cd_servico" in C:\xampp\htdocs\ativisoft_1_0\ativisoft_2_0\pages\md_fornecedor\consultar_cliente_comercial.php on line 306
[13-Aug-2026 11:45:46 America/Sao_Paulo] PHP Warning:  Undefined array key "obs_con_servico" in C:\xampp\htdocs\ativisoft_1_0\ativisoft_2_0\pages\md_fornecedor\consultar_cliente_comercial.php on line 308
[13-Aug-2026 11:45:46 America/Sao_Paulo] PHP Warning:  Undefined array key "prioridade_servico" in C:\xampp\htdocs\ativisoft_1_0\ativisoft_2_0\pages\md_fornecedor\consultar_cliente_comercial.php on line 311
[13-Aug-2026 11:45:46 America/Sao_Paulo] PHP Warning:  Undefined array key "prioridade_servico" in C:\xampp\htdocs\ativisoft_1_0\ativisoft_2_0\pages\md_fornecedor\consultar_cliente_comercial.php on line 311
[13-Aug-2026 11:45:46 America/Sao_Paulo] PHP Warning:  Undefined array key "entrada_servico" in C:\xampp\htdocs\ativisoft_1_0\ativisoft_2_0\pages\md_fornecedor\consultar_cliente_comercial.php on line 314
[13-Aug-2026 11:45:46 America/Sao_Paulo] PHP Warning:  Undefined array key "prazo_servico" in C:\xampp\htdocs\ativisoft_1_0\ativisoft_2_0\pages\md_fornecedor\consultar_cliente_comercial.php on line 316
[13-Aug-2026 11:45:46 America/Sao_Paulo] PHP Warning:  Undefined array key "cd_servico" in C:\xampp\htdocs\ativisoft_1_0\ativisoft_2_0\pages\md_fornecedor\consultar_cliente_comercial.php on line 319
[13-Aug-2026 11:45:46 America/Sao_Paulo] PHP Warning:  Undefined array key "obs_con_servico" in C:\xampp\htdocs\ativisoft_1_0\ativisoft_2_0\pages\md_fornecedor\consultar_cliente_comercial.php on line 320
[13-Aug-2026 11:45:46 America/Sao_Paulo] PHP Warning:  Undefined array key "prioridade_servico" in C:\xampp\htdocs\ativisoft_1_0\ativisoft_2_0\pages\md_fornecedor\consultar_cliente_comercial.php on line 321
[13-Aug-2026 11:45:46 America/Sao_Paulo] PHP Warning:  Undefined array key "entrada_servico" in C:\xampp\htdocs\ativisoft_1_0\ativisoft_2_0\pages\md_fornecedor\consultar_cliente_comercial.php on line 322
[13-Aug-2026 11:45:46 America/Sao_Paulo] PHP Warning:  Undefined array key "prazo_servico" in C:\xampp\htdocs\ativisoft_1_0\ativisoft_2_0\pages\md_fornecedor\consultar_cliente_comercial.php on line 323
[13-Aug-2026 11:45:46 America/Sao_Paulo] PHP Warning:  Undefined array key "vpag_servico" in C:\xampp\htdocs\ativisoft_1_0\ativisoft_2_0\pages\md_fornecedor\consultar_cliente_comercial.php on line 328
[13-Aug-2026 11:45:46 America/Sao_Paulo] PHP Warning:  Undefined array key "cd_servico" in C:\xampp\htdocs\ativisoft_1_0\ativisoft_2_0\pages\md_fornecedor\consultar_cliente_comercial.php on line 477
[13-Aug-2026 11:45:47 America/Sao_Paulo] PHP Warning:  Undefined array key "logo_empresa" in C:\xampp\htdocs\ativisoft_1_0\ativisoft_2_0\pages\md_fornecedor\cadastrar_cliente_comercial.php on line 34
[13-Aug-2026 11:45:47 America/Sao_Paulo] PHP Warning:  Trying to access array offset on value of type null in C:\xampp\htdocs\ativisoft_1_0\ativisoft_2_0\classes\functions.php on line 3003
[13-Aug-2026 11:45:47 America/Sao_Paulo] PHP Warning:  Trying to access array offset on value of type null in C:\xampp\htdocs\ativisoft_1_0\ativisoft_2_0\classes\functions.php on line 3004
[13-Aug-2026 11:45:47 America/Sao_Paulo] PHP Warning:  Undefined variable $cd_proprietario in C:\xampp\htdocs\ativisoft_1_0\ativisoft_2_0\classes\functions.php on line 2230
[13-Aug-2026 11:45:47 America/Sao_Paulo] PHP Warning:  Undefined array key "nome" in C:\xampp\htdocs\ativisoft_1_0\ativisoft_2_0\classes\functions.php on line 6054
[13-Aug-2026 11:45:47 America/Sao_Paulo] PHP Warning:  Undefined array key "telefone" in C:\xampp\htdocs\ativisoft_1_0\ativisoft_2_0\classes\functions.php on line 6055
[13-Aug-2026 11:45:47 America/Sao_Paulo] PHP Deprecated:  preg_replace(): Passing null to parameter #3 ($subject) of type array|string is deprecated in C:\xampp\htdocs\ativisoft_1_0\ativisoft_2_0\classes\functions.php on line 6055
[13-Aug-2026 11:46:00 America/Sao_Paulo] PHP Warning:  "continue" targeting switch is equivalent to "break". Did you mean to use "continue 2"? in C:\xampp\htdocs\ativisoft_1_0\ativisoft_2_0\pages\md_fornecedor\financeiro.php on line 90
[13-Aug-2026 11:46:15 America/Sao_Paulo] PHP Warning:  Undefined array key "titulo_acesso" in C:\xampp\htdocs\ativisoft_1_0\ativisoft_2_0\pages\dashboard\index.php on line 451
[13-Aug-2026 12:11:47 America/Sao_Paulo] PHP Warning:  "continue" targeting switch is equivalent to "break". Did you mean to use "continue 2"? in C:\xampp\htdocs\ativisoft_1_0\ativisoft_2_0\pages\md_fornecedor\financeiro.php on line 90
[13-Aug-2026 12:11:47 America/Sao_Paulo] PHP Warning:  Undefined array key "titulo_acesso" in C:\xampp\htdocs\ativisoft_1_0\ativisoft_2_0\pages\dashboard\index.php on line 451
[13-Aug-2026 19:59:56 America/Sao_Paulo] PHP Warning:  Cannot modify header information - headers already sent by (output started at C:\xampp\htdocs\ativisoft_1_0\ativisoft_2_0\pages\samples\login.php:70) in C:\xampp\htdocs\ativisoft_1_0\ativisoft_2_0\classes\conn.php on line 43
[13-Aug-2026 19:59:57 America/Sao_Paulo] PHP Warning:  "continue" targeting switch is equivalent to "break". Did you mean to use "continue 2"? in C:\xampp\htdocs\ativisoft_1_0\ativisoft_2_0\pages\md_fornecedor\financeiro.php on line 90
[13-Aug-2026 19:59:57 America/Sao_Paulo] PHP Warning:  Undefined array key "titulo_acesso" in C:\xampp\htdocs\ativisoft_1_0\ativisoft_2_0\pages\dashboard\index.php on line 451
[13-Aug-2026 20:01:48 America/Sao_Paulo] PHP Warning:  Undefined array key "logo_empresa" in C:\xampp\htdocs\ativisoft_1_0\ativisoft_2_0\pages\md_fornecedor\listar_cliente_comercial.php on line 56
